Archive member included to satisfy reference by file (symbol)

C:/ST/STM32CubeIDE_1.13.2/STM32CubeIDE/plugins/com.st.stm32cube.ide.mcu.externaltools.gnu-tools-for-stm32.11.3.rel1.win32_1.1.1.202309131626/tools/bin/../lib/gcc/arm-none-eabi/11.3.1/../../../../arm-none-eabi/lib/thumb/v7e-m+fp/hard\libc_nano.a(libc_a-exit.o)
                              C:/ST/STM32CubeIDE_1.13.2/STM32CubeIDE/plugins/com.st.stm32cube.ide.mcu.externaltools.gnu-tools-for-stm32.11.3.rel1.win32_1.1.1.202309131626/tools/bin/../lib/gcc/arm-none-eabi/11.3.1/../../../../arm-none-eabi/lib/thumb/v7e-m+fp/hard/crt0.o (exit)
C:/ST/STM32CubeIDE_1.13.2/STM32CubeIDE/plugins/com.st.stm32cube.ide.mcu.externaltools.gnu-tools-for-stm32.11.3.rel1.win32_1.1.1.202309131626/tools/bin/../lib/gcc/arm-none-eabi/11.3.1/../../../../arm-none-eabi/lib/thumb/v7e-m+fp/hard\libc_nano.a(libc_a-findfp.o)
                              C:/ST/STM32CubeIDE_1.13.2/STM32CubeIDE/plugins/com.st.stm32cube.ide.mcu.externaltools.gnu-tools-for-stm32.11.3.rel1.win32_1.1.1.202309131626/tools/bin/../lib/gcc/arm-none-eabi/11.3.1/../../../../arm-none-eabi/lib/thumb/v7e-m+fp/hard\libc_nano.a(libc_a-exit.o) (__stdio_exit_handler)
C:/ST/STM32CubeIDE_1.13.2/STM32CubeIDE/plugins/com.st.stm32cube.ide.mcu.externaltools.gnu-tools-for-stm32.11.3.rel1.win32_1.1.1.202309131626/tools/bin/../lib/gcc/arm-none-eabi/11.3.1/../../../../arm-none-eabi/lib/thumb/v7e-m+fp/hard\libc_nano.a(libc_a-fwalk.o)
                              C:/ST/STM32CubeIDE_1.13.2/STM32CubeIDE/plugins/com.st.stm32cube.ide.mcu.externaltools.gnu-tools-for-stm32.11.3.rel1.win32_1.1.1.202309131626/tools/bin/../lib/gcc/arm-none-eabi/11.3.1/../../../../arm-none-eabi/lib/thumb/v7e-m+fp/hard\libc_nano.a(libc_a-findfp.o) (_fwalk_sglue)
C:/ST/STM32CubeIDE_1.13.2/STM32CubeIDE/plugins/com.st.stm32cube.ide.mcu.externaltools.gnu-tools-for-stm32.11.3.rel1.win32_1.1.1.202309131626/tools/bin/../lib/gcc/arm-none-eabi/11.3.1/../../../../arm-none-eabi/lib/thumb/v7e-m+fp/hard\libc_nano.a(libc_a-sprintf.o)
                              ./Core/Src/main.o (sprintf)
C:/ST/STM32CubeIDE_1.13.2/STM32CubeIDE/plugins/com.st.stm32cube.ide.mcu.externaltools.gnu-tools-for-stm32.11.3.rel1.win32_1.1.1.202309131626/tools/bin/../lib/gcc/arm-none-eabi/11.3.1/../../../../arm-none-eabi/lib/thumb/v7e-m+fp/hard\libc_nano.a(libc_a-stdio.o)
                              C:/ST/STM32CubeIDE_1.13.2/STM32CubeIDE/plugins/com.st.stm32cube.ide.mcu.externaltools.gnu-tools-for-stm32.11.3.rel1.win32_1.1.1.202309131626/tools/bin/../lib/gcc/arm-none-eabi/11.3.1/../../../../arm-none-eabi/lib/thumb/v7e-m+fp/hard\libc_nano.a(libc_a-findfp.o) (__sread)
C:/ST/STM32CubeIDE_1.13.2/STM32CubeIDE/plugins/com.st.stm32cube.ide.mcu.externaltools.gnu-tools-for-stm32.11.3.rel1.win32_1.1.1.202309131626/tools/bin/../lib/gcc/arm-none-eabi/11.3.1/../../../../arm-none-eabi/lib/thumb/v7e-m+fp/hard\libc_nano.a(libc_a-memset.o)
                              C:/ST/STM32CubeIDE_1.13.2/STM32CubeIDE/plugins/com.st.stm32cube.ide.mcu.externaltools.gnu-tools-for-stm32.11.3.rel1.win32_1.1.1.202309131626/tools/bin/../lib/gcc/arm-none-eabi/11.3.1/../../../../arm-none-eabi/lib/thumb/v7e-m+fp/hard/crt0.o (memset)
C:/ST/STM32CubeIDE_1.13.2/STM32CubeIDE/plugins/com.st.stm32cube.ide.mcu.externaltools.gnu-tools-for-stm32.11.3.rel1.win32_1.1.1.202309131626/tools/bin/../lib/gcc/arm-none-eabi/11.3.1/../../../../arm-none-eabi/lib/thumb/v7e-m+fp/hard\libc_nano.a(libc_a-closer.o)
                              C:/ST/STM32CubeIDE_1.13.2/STM32CubeIDE/plugins/com.st.stm32cube.ide.mcu.externaltools.gnu-tools-for-stm32.11.3.rel1.win32_1.1.1.202309131626/tools/bin/../lib/gcc/arm-none-eabi/11.3.1/../../../../arm-none-eabi/lib/thumb/v7e-m+fp/hard\libc_nano.a(libc_a-stdio.o) (_close_r)
C:/ST/STM32CubeIDE_1.13.2/STM32CubeIDE/plugins/com.st.stm32cube.ide.mcu.externaltools.gnu-tools-for-stm32.11.3.rel1.win32_1.1.1.202309131626/tools/bin/../lib/gcc/arm-none-eabi/11.3.1/../../../../arm-none-eabi/lib/thumb/v7e-m+fp/hard\libc_nano.a(libc_a-reent.o)
                              C:/ST/STM32CubeIDE_1.13.2/STM32CubeIDE/plugins/com.st.stm32cube.ide.mcu.externaltools.gnu-tools-for-stm32.11.3.rel1.win32_1.1.1.202309131626/tools/bin/../lib/gcc/arm-none-eabi/11.3.1/../../../../arm-none-eabi/lib/thumb/v7e-m+fp/hard\libc_nano.a(libc_a-closer.o) (errno)
C:/ST/STM32CubeIDE_1.13.2/STM32CubeIDE/plugins/com.st.stm32cube.ide.mcu.externaltools.gnu-tools-for-stm32.11.3.rel1.win32_1.1.1.202309131626/tools/bin/../lib/gcc/arm-none-eabi/11.3.1/../../../../arm-none-eabi/lib/thumb/v7e-m+fp/hard\libc_nano.a(libc_a-impure.o)
                              C:/ST/STM32CubeIDE_1.13.2/STM32CubeIDE/plugins/com.st.stm32cube.ide.mcu.externaltools.gnu-tools-for-stm32.11.3.rel1.win32_1.1.1.202309131626/tools/bin/../lib/gcc/arm-none-eabi/11.3.1/../../../../arm-none-eabi/lib/thumb/v7e-m+fp/hard\libc_nano.a(libc_a-sprintf.o) (_impure_ptr)
[...]
Memory Configuration

Name             Origin             Length             Attributes
RAM              0x0000000020000000 0x00000000000a0000 xrw
RAM2             0x0000000010000000 0x0000000000010000 xrw
RAM3             0x0000000020040000 0x0000000000060000 xrw
FLASH            0x0000000008000000 0x0000000000200000 xr
*default*        0x0000000000000000 0xffffffffffffffff

Linker script and memory map

LOAD C:/ST/STM32CubeIDE_1.13.2/STM32CubeIDE/plugins/com.st.stm32cube.ide.mcu.externaltools.gnu-tools-for-stm32.11.3.rel1.win32_1.1.1.202309131626/tools/bin/../lib/gcc/arm-none-eabi/11.3.1/thumb/v7e-m+fp/hard/crti.o
LOAD C:/ST/STM32CubeIDE_1.13.2/STM32CubeIDE/plugins/com.st.stm32cube.ide.mcu.externaltools.gnu-tools-for-stm32.11.3.rel1.win32_1.1.1.202309131626/tools/bin/../lib/gcc/arm-none-eabi/11.3.1/thumb/v7e-m+fp/hard/crtbegin.o
LOAD C:/ST/STM32CubeIDE_1.13.2/STM32CubeIDE/plugins/com.st.stm32cube.ide.mcu.externaltools.gnu-tools-for-stm32.11.3.rel1.win32_1.1.1.202309131626/tools/bin/../lib/gcc/arm-none-eabi/11.3.1/../../../../arm-none-eabi/lib/thumb/v7e-m+fp/hard/crt0.o
LOAD ./Core/Src/main.o
LOAD ./Core/Src/stm32l4xx_hal_msp.o
LOAD ./Core/Src/stm32l4xx_it.o
LOAD ./Core/Src/syscalls.o
LOAD ./Core/Src/sysmem.o
LOAD ./Core/Src/system_stm32l4xx.o
LOAD ./Core/Startup/startup_stm32l4s9zijx.o
LOAD ./Drivers/STM32L4xx_HAL_Driver/Src/stm32l4xx_hal.o
LOAD ./Drivers/STM32L4xx_HAL_Driver/Src/stm32l4xx_hal_cortex.o
LOAD ./Drivers/STM32L4xx_HAL_Driver/Src/stm32l4xx_hal_dma.o
LOAD ./Drivers/STM32L4xx_HAL_Driver/Src/stm32l4xx_hal_dma_ex.o
LOAD ./Drivers/STM32L4xx_HAL_Driver/Src/stm32l4xx_hal_dsi.o
LOAD ./Drivers/STM32L4xx_HAL_Driver/Src/stm32l4xx_hal_exti.o
LOAD ./Drivers/STM32L4xx_HAL_Driver/Src/stm32l4xx_hal_flash.o
LOAD ./Drivers/STM32L4xx_HAL_Driver/Src/stm32l4xx_hal_flash_ex.o
LOAD ./Drivers/STM32L4xx_HAL_Driver/Src/stm32l4xx_hal_flash_ramfunc.o
LOAD ./Drivers/STM32L4xx_HAL_Driver/Src/stm32l4xx_hal_gpio.o
LOAD ./Drivers/STM32L4xx_HAL_Driver/Src/stm32l4xx_hal_i2c.o
LOAD ./Drivers/STM32L4xx_HAL_Driver/Src/stm32l4xx_hal_i2c_ex.o
LOAD ./Drivers/STM32L4xx_HAL_Driver/Src/stm32l4xx_hal_ltdc.o
LOAD ./Drivers/STM32L4xx_HAL_Driver/Src/stm32l4xx_hal_ltdc_ex.o
LOAD ./Drivers/STM32L4xx_HAL_Driver/Src/stm32l4xx_hal_pwr.o
LOAD ./Drivers/STM32L4xx_HAL_Driver/Src/stm32l4xx_hal_pwr_ex.o
LOAD ./Drivers/STM32L4xx_HAL_Driver/Src/stm32l4xx_hal_rcc.o
LOAD ./Drivers/STM32L4xx_HAL_Driver/Src/stm32l4xx_hal_rcc_ex.o
LOAD ./Drivers/STM32L4xx_HAL_Driver/Src/stm32l4xx_hal_spi.o
LOAD ./Drivers/STM32L4xx_HAL_Driver/Src/stm32l4xx_hal_spi_ex.o
LOAD ./Drivers/STM32L4xx_HAL_Driver/Src/stm32l4xx_hal_uart.o
LOAD ./Drivers/STM32L4xx_HAL_Driver/Src/stm32l4xx_hal_uart_ex.o
START GROUP
LOAD C:/ST/STM32CubeIDE_1.13.2/STM32CubeIDE/plugins/com.st.stm32cube.ide.mcu.externaltools.gnu-tools-for-stm32.11.3.rel1.win32_1.1.1.202309131626/tools/bin/../lib/gcc/arm-none-eabi/11.3.1/../../../../arm-none-eabi/lib/thumb/v7e-m+fp/hard\libc_nano.a
LOAD C:/ST/STM32CubeIDE_1.13.2/STM32CubeIDE/plugins/com.st.stm32cube.ide.mcu.externaltools.gnu-tools-for-stm32.11.3.rel1.win32_1.1.1.202309131626/tools/bin/../lib/gcc/arm-none-eabi/11.3.1/../../../../arm-none-eabi/lib/thumb/v7e-m+fp/hard\libm.a
END GROUP
START GROUP
LOAD C:/ST/STM32CubeIDE_1.13.2/STM32CubeIDE/plugins/com.st.stm32cube.ide.mcu.externaltools.gnu-tools-for-stm32.11.3.rel1.win32_1.1.1.202309131626/tools/bin/../lib/gcc/arm-none-eabi/11.3.1/thumb/v7e-m+fp/hard\libgcc.a
LOAD C:/ST/STM32CubeIDE_1.13.2/STM32CubeIDE/plugins/com.st.stm32cube.ide.mcu.externaltools.gnu-tools-for-stm32.11.3.rel1.win32_1.1.1.202309131626/tools/bin/../lib/gcc/arm-none-eabi/11.3.1/../../../../arm-none-eabi/lib/thumb/v7e-m+fp/hard\libc_nano.a
END GROUP
START GROUP
LOAD C:/ST/STM32CubeIDE_1.13.2/STM32CubeIDE/plugins/com.st.stm32cube.ide.mcu.externaltools.gnu-tools-for-stm32.11.3.rel1.win32_1.1.1.202309131626/tools/bin/../lib/gcc/arm-none-eabi/11.3.1/thumb/v7e-m+fp/hard\libgcc.a
LOAD C:/ST/STM32CubeIDE_1.13.2/STM32CubeIDE/plugins/com.st.stm32cube.ide.mcu.externaltools.gnu-tools-for-stm32.11.3.rel1.win32_1.1.1.202309131626/tools/bin/../lib/gcc/arm-none-eabi/11.3.1/../../../../arm-none-eabi/lib/thumb/v7e-m+fp/hard\libc_nano.a
LOAD C:/ST/STM32CubeIDE_1.13.2/STM32CubeIDE/plugins/com.st.stm32cube.ide.mcu.externaltools.gnu-tools-for-stm32.11.3.rel1.win32_1.1.1.202309131626/tools/bin/../lib/gcc/arm-none-eabi/11.3.1/../../../../arm-none-eabi/lib/thumb/v7e-m+fp/hard\libnosys.a
END GROUP
START GROUP
LOAD C:/ST/STM32CubeIDE_1.13.2/STM32CubeIDE/plugins/com.st.stm32cube.ide.mcu.externaltools.gnu-tools-for-stm32.11.3.rel1.win32_1.1.1.202309131626/tools/bin/../lib/gcc/arm-none-eabi/11.3.1/thumb/v7e-m+fp/hard\libgcc.a
LOAD C:/ST/STM32CubeIDE_1.13.2/STM32CubeIDE/plugins/com.st.stm32cube.ide.mcu.externaltools.gnu-tools-for-stm32.11.3.rel1.win32_1.1.1.202309131626/tools/bin/../lib/gcc/arm-none-eabi/11.3.1/../../../../arm-none-eabi/lib/thumb/v7e-m+fp/hard\libc_nano.a
LOAD C:/ST/STM32CubeIDE_1.13.2/STM32CubeIDE/plugins/com.st.stm32cube.ide.mcu.externaltools.gnu-tools-for-stm32.11.3.rel1.win32_1.1.1.202309131626/tools/bin/../lib/gcc/arm-none-eabi/11.3.1/../../../../arm-none-eabi/lib/thumb/v7e-m+fp/hard\libnosys.a
END GROUP
LOAD C:/ST/STM32CubeIDE_1.13.2/STM32CubeIDE/plugins/com.st.stm32cube.ide.mcu.externaltools.gnu-tools-for-stm32.11.3.rel1.win32_1.1.1.202309131626/tools/bin/../lib/gcc/arm-none-eabi/11.3.1/thumb/v7e-m+fp/hard/crtend.o
LOAD C:/ST/STM32CubeIDE_1.13.2/STM32CubeIDE/plugins/com.st.stm32cube.ide.mcu.externaltools.gnu-tools-for-stm32.11.3.rel1.win32_1.1.1.202309131626/tools/bin/../lib/gcc/arm-none-eabi/11.3.1/thumb/v7e-m+fp/hard/crtn.o
                0x00000000200a0000                _estack = (ORIGIN (RAM) + LENGTH (RAM))
                0x0000000000000200                _Min_Heap_Size = 0x200
                0x0000000000000400                _Min_Stack_Size = 0x400

.isr_vector     0x0000000008000000      0x1bc
                0x0000000008000000                . = ALIGN (0x4)
 *(.isr_vector)
 .isr_vector    0x0000000008000000      0x1bc ./Core/Startup/startup_stm32l4s9zijx.o
                0x0000000008000000                g_pfnVectors
                0x00000000080001bc                . = ALIGN (0x4)

.text           0x00000000080001c0     0x93b0
                0x00000000080001c0                . = ALIGN (0x4)
 *(.text)
 .text          0x00000000080001c0       0x40 C:/ST/STM32CubeIDE_1.13.2/STM32CubeIDE/plugins/com.st.stm32cube.ide.mcu.externaltools.gnu-tools-for-stm32.11.3.rel1.win32_1.1.1.202309131626/tools/bin/../lib/gcc/arm-none-eabi/11.3.1/thumb/v7e-m+fp/hard/crtbegin.o
 .text          0x0000000008000200       0xa0 C:/ST/STM32CubeIDE_1.13.2/STM32CubeIDE/plugins/com.st.stm32cube.ide.mcu.externaltools.gnu-tools-for-stm32.11.3.rel1.win32_1.1.1.202309131626/tools/bin/../lib/gcc/arm-none-eabi/11.3.1/../../../../arm-none-eabi/lib/thumb/v7e-m+fp/hard\libc_nano.a(libc_a-memchr.o)
                0x0000000008000200                memchr
 .text          0x00000000080002a0       0x30 C:/ST/STM32CubeIDE_1.13.2/STM32CubeIDE/plugins/com.st.stm32cube.ide.mcu.externaltools.gnu-tools-for-stm32.11.3.rel1.win32_1.1.1.202309131626/tools/bin/../lib/gcc/arm-none-eabi/11.3.1/thumb/v7e-m+fp/hard\libgcc.a(_aeabi_uldivmod.o)
                0x00000000080002a0                __aeabi_uldivmod
 .text          0x00000000080002d0      0x2c8 C:/ST/STM32CubeIDE_1.13.2/STM32CubeIDE/plugins/com.st.stm32cube.ide.mcu.externaltools.gnu-tools-for-stm32.11.3.rel1.win32_1.1.1.202309131626/tools/bin/../lib/gcc/arm-none-eabi/11.3.1/thumb/v7e-m+fp/hard\libgcc.a(_udivmoddi4.o)
                0x00000000080002d0                __udivmoddi4
 .text          0x0000000008000598        0x4 C:/ST/STM32CubeIDE_1.13.2/STM32CubeIDE/plugins/com.st.stm32cube.ide.mcu.externaltools.gnu-tools-for-stm32.11.3.rel1.win32_1.1.1.202309131626/tools/bin/../lib/gcc/arm-none-eabi/11.3.1/thumb/v7e-m+fp/hard\libgcc.a(_dvmd_tls.o)
                0x0000000008000598                __aeabi_idiv0
                0x0000000008000598                __aeabi_ldiv0
 *(.text*)
 .text.main     0x000000000800059c      0x3d0 ./Core/Src/main.o
                0x000000000800059c                main
 .text.SystemClock_Config
                0x000000000800096c       0x9c ./Core/Src/main.o
                0x000000000800096c                SystemClock_Config
 .text.MX_DSIHOST_DSI_Init
                0x0000000008000a08      0x1d8 ./Core/Src/main.o
 .text.MX_I2C1_Init
                0x0000000008000be0       0x80 ./Core/Src/main.o
 .text.MX_I2C2_Init
                0x0000000008000c60       0x80 ./Core/Src/main.o
 .text.MX_LTDC_Init
                0x0000000008000ce0      0x100 ./Core/Src/main.o
 .text.MX_SPI1_Init
                0x0000000008000de0       0x7c ./Core/Src/main.o
 .text.MX_SPI2_Init
                0x0000000008000e5c       0x74 ./Core/Src/main.o
 .text.MX_SPI3_Init
                0x0000000008000ed0       0x70 ./Core/Src/main.o
 .text.MX_UART4_Init
                0x0000000008000f40       0x98 ./Core/Src/main.o
 .text.MX_GPIO_Init
                0x0000000008000fd8      0x2c8 ./Core/Src/main.o
 .text.mipi_config
                0x00000000080012a0      0x418 ./Core/Src/main.o
 .text.SPI_master2slave
                0x00000000080016b8       0x64 ./Core/Src/main.o
 .text.Write_Registers_data
                0x000000000800171c      0x130 ./Core/Src/main.o
 .text.LCD_PowerOn
                0x000000000800184c       0x30 ./Core/Src/main.o
 .text.delay_us
                0x000000000800187c       0x36 ./Core/Src/main.o
                0x000000000800187c                delay_us
 .text.delay_100ns
                0x00000000080018b2       0x36 ./Core/Src/main.o
                0x00000000080018b2                delay_100ns
 .text.HAL_GPIO_EXTI_Callback
                0x00000000080018e8       0xf0 ./Core/Src/main.o
                0x00000000080018e8                HAL_GPIO_EXTI_Callback
 .text.HAL_SPI_RxCpltCallback
                0x00000000080019d8      0x740 ./Core/Src/main.o
                0x00000000080019d8                HAL_SPI_RxCpltCallback
 .text.FLASH_WriteByte
                0x0000000008002118       0x6c ./Core/Src/main.o
                0x0000000008002118                FLASH_WriteByte
 .text.FLASH_ReadByte
                0x0000000008002184       0x70 ./Core/Src/main.o
                0x0000000008002184                FLASH_ReadByte
 .text.write_flash_page
                0x00000000080021f4       0xf4 ./Core/Src/main.o
                0x00000000080021f4                write_flash_page
 .text.read_flash_page
                0x00000000080022e8       0xb0 ./Core/Src/main.o
                0x00000000080022e8                read_flash_page
 .text.erase_flash_sector
                0x0000000008002398      0x130 ./Core/Src/main.o
                0x0000000008002398                erase_flash_sector
 .text.reset_flash_software
                0x00000000080024c8       0x5c ./Core/Src/main.o
                0x00000000080024c8                reset_flash_software
 .text.init_ble
                0x0000000008002524      0x104 ./Core/Src/main.o
                0x0000000008002524                init_ble
 .text.ble_SPI_WriteByte
                0x0000000008002628       0x64 ./Core/Src/main.o
                0x0000000008002628                ble_SPI_WriteByte
 .text.ble_SPI_RWByte
                0x000000000800268c       0x88 ./Core/Src/main.o
                0x000000000800268c                ble_SPI_RWByte
 .text.ReadBLE  0x0000000008002714      0x124 ./Core/Src/main.o
                0x0000000008002714                ReadBLE
 .text.Wrap     0x0000000008002838      0x104 ./Core/Src/main.o
                0x0000000008002838                Wrap
 .text.Error_Handler
                0x000000000800293c        0xa ./Core/Src/main.o
                0x000000000800293c                Error_Handler
 *fill*         0x0000000008002946        0x2 
 .text.HAL_MspInit
                0x0000000008002948       0x48 ./Core/Src/stm32l4xx_hal_msp.o
                0x0000000008002948                HAL_MspInit
 .text.HAL_DSI_MspInit
                0x0000000008002990       0x68 ./Core/Src/stm32l4xx_hal_msp.o
                0x0000000008002990                HAL_DSI_MspInit
 .text.HAL_I2C_MspInit
                0x00000000080029f8      0x144 ./Core/Src/stm32l4xx_hal_msp.o
                0x00000000080029f8                HAL_I2C_MspInit
 .text.HAL_LTDC_MspInit
                0x0000000008002b3c       0x88 ./Core/Src/stm32l4xx_hal_msp.o
                0x0000000008002b3c                HAL_LTDC_MspInit
 .text.HAL_SPI_MspInit
                0x0000000008002bc4      0x250 ./Core/Src/stm32l4xx_hal_msp.o
                0x0000000008002bc4                HAL_SPI_MspInit
 .text.HAL_UART_MspInit
                0x0000000008002e14       0xb8 ./Core/Src/stm32l4xx_hal_msp.o
                0x0000000008002e14                HAL_UART_MspInit
 .text.NMI_Handler
                0x0000000008002ecc        0x6 ./Core/Src/stm32l4xx_it.o
                0x0000000008002ecc                NMI_Handler
 .text.HardFault_Handler
                0x0000000008002ed2        0x6 ./Core/Src/stm32l4xx_it.o
                0x0000000008002ed2                HardFault_Handler
 .text.MemManage_Handler
                0x0000000008002ed8        0x6 ./Core/Src/stm32l4xx_it.o
                0x0000000008002ed8                MemManage_Handler
 .text.BusFault_Handler
                0x0000000008002ede        0x6 ./Core/Src/stm32l4xx_it.o
                0x0000000008002ede                BusFault_Handler
 .text.UsageFault_Handler
                0x0000000008002ee4        0x6 ./Core/Src/stm32l4xx_it.o
                0x0000000008002ee4                UsageFault_Handler
 .text.SVC_Handler
                0x0000000008002eea        0xe ./Core/Src/stm32l4xx_it.o
                0x0000000008002eea                SVC_Handler
 .text.DebugMon_Handler
                0x0000000008002ef8        0xe ./Core/Src/stm32l4xx_it.o
                0x0000000008002ef8                DebugMon_Handler
 .text.PendSV_Handler
                0x0000000008002f06        0xe ./Core/Src/stm32l4xx_it.o
                0x0000000008002f06                PendSV_Handler
 .text.SysTick_Handler
                0x0000000008002f14        0xc ./Core/Src/stm32l4xx_it.o
                0x0000000008002f14                SysTick_Handler
 .text.EXTI15_10_IRQHandler
                0x0000000008002f20       0x10 ./Core/Src/stm32l4xx_it.o
                0x0000000008002f20                EXTI15_10_IRQHandler
 .text.SPI3_IRQHandler
                0x0000000008002f30       0x14 ./Core/Src/stm32l4xx_it.o
                0x0000000008002f30                SPI3_IRQHandler
 .text._sbrk    0x0000000008002f44       0x6c ./Core/Src/sysmem.o
                0x0000000008002f44                _sbrk
 .text.SystemInit
                0x0000000008002fb0       0x24 ./Core/Src/system_stm32l4xx.o
                0x0000000008002fb0                SystemInit
 .text.Reset_Handler
                0x0000000008002fd4       0x50 ./Core/Startup/startup_stm32l4s9zijx.o
                0x0000000008002fd4                Reset_Handler
 .text.Default_Handler
                0x0000000008003024        0x2 ./Core/Startup/startup_stm32l4s9zijx.o
                0x0000000008003024                RTC_Alarm_IRQHandler
                0x0000000008003024                EXTI2_IRQHandler
                0x0000000008003024                TIM8_TRG_COM_IRQHandler
                0x0000000008003024                TIM8_CC_IRQHandler
                0x0000000008003024                TIM1_CC_IRQHandler
                0x0000000008003024                TSC_IRQHandler
                0x0000000008003024                TAMP_STAMP_IRQHandler
                0x0000000008003024                EXTI3_IRQHandler
                0x0000000008003024                LPTIM2_IRQHandler
                0x0000000008003024                DFSDM1_FLT1_IRQHandler
                0x0000000008003024                GFXMMU_IRQHandler
                0x0000000008003024                I2C3_ER_IRQHandler
                0x0000000008003024                DFSDM1_FLT2_IRQHandler
                0x0000000008003024                EXTI0_IRQHandler
                0x0000000008003024                I2C2_EV_IRQHandler
                0x0000000008003024                CAN1_RX0_IRQHandler
                0x0000000008003024                FPU_IRQHandler
                0x0000000008003024                TIM1_UP_TIM16_IRQHandler
                0x0000000008003024                LTDC_ER_IRQHandler
                0x0000000008003024                SPI1_IRQHandler
                0x0000000008003024                OCTOSPI1_IRQHandler
                0x0000000008003024                TIM6_DAC_IRQHandler
                0x0000000008003024                DCMI_IRQHandler
                0x0000000008003024                TIM8_UP_IRQHandler
                0x0000000008003024                OCTOSPI2_IRQHandler
                0x0000000008003024                DMA2_Channel2_IRQHandler
                0x0000000008003024                DMA1_Channel4_IRQHandler
                0x0000000008003024                SAI2_IRQHandler
                0x0000000008003024                ADC1_IRQHandler
                0x0000000008003024                DFSDM1_FLT3_IRQHandler
                0x0000000008003024                USART3_IRQHandler
                0x0000000008003024                DMA1_Channel7_IRQHandler
                0x0000000008003024                CAN1_RX1_IRQHandler
                0x0000000008003024                UART5_IRQHandler
                0x0000000008003024                TIM4_IRQHandler
                0x0000000008003024                DMA2_Channel1_IRQHandler
                0x0000000008003024                I2C1_EV_IRQHandler
                0x0000000008003024                DMAMUX1_OVR_IRQHandler
                0x0000000008003024                DMA1_Channel6_IRQHandler
                0x0000000008003024                UART4_IRQHandler
                0x0000000008003024                DMA2_Channel4_IRQHandler
                0x0000000008003024                TIM3_IRQHandler
                0x0000000008003024                RCC_IRQHandler
                0x0000000008003024                DMA1_Channel1_IRQHandler
                0x0000000008003024                Default_Handler
                0x0000000008003024                DMA2_Channel7_IRQHandler
                0x0000000008003024                TIM7_IRQHandler
                0x0000000008003024                SDMMC1_IRQHandler
                0x0000000008003024                TIM5_IRQHandler
                0x0000000008003024                I2C3_EV_IRQHandler
                0x0000000008003024                EXTI9_5_IRQHandler
                0x0000000008003024                RTC_WKUP_IRQHandler
                0x0000000008003024                LTDC_IRQHandler
                0x0000000008003024                PVD_PVM_IRQHandler
                0x0000000008003024                SPI2_IRQHandler
                0x0000000008003024                CAN1_TX_IRQHandler
                0x0000000008003024                DMA2_Channel5_IRQHandler
                0x0000000008003024                DMA1_Channel5_IRQHandler
                0x0000000008003024                EXTI4_IRQHandler
                0x0000000008003024                RNG_IRQHandler
                0x0000000008003024                TIM1_TRG_COM_TIM17_IRQHandler
                0x0000000008003024                DMA1_Channel3_IRQHandler
                0x0000000008003024                COMP_IRQHandler
                0x0000000008003024                DSI_IRQHandler
                0x0000000008003024                HASH_CRS_IRQHandler
                0x0000000008003024                WWDG_IRQHandler
                0x0000000008003024                I2C4_EV_IRQHandler
                0x0000000008003024                LPUART1_IRQHandler
                0x0000000008003024                DMA2_Channel6_IRQHandler
                0x0000000008003024                TIM2_IRQHandler
                0x0000000008003024                DMA2D_IRQHandler
                0x0000000008003024                EXTI1_IRQHandler
                0x0000000008003024                AES_IRQHandler
                0x0000000008003024                USART2_IRQHandler
                0x0000000008003024                DFSDM1_FLT0_IRQHandler
                0x0000000008003024                I2C2_ER_IRQHandler
                0x0000000008003024                DMA1_Channel2_IRQHandler
                0x0000000008003024                TIM8_BRK_IRQHandler
                0x0000000008003024                CAN1_SCE_IRQHandler
                0x0000000008003024                FLASH_IRQHandler
                0x0000000008003024                USART1_IRQHandler
                0x0000000008003024                OTG_FS_IRQHandler
                0x0000000008003024                I2C1_ER_IRQHandler
                0x0000000008003024                FMC_IRQHandler
                0x0000000008003024                LPTIM1_IRQHandler
                0x0000000008003024                I2C4_ER_IRQHandler
                0x0000000008003024                SAI1_IRQHandler
                0x0000000008003024                DMA2_Channel3_IRQHandler
                0x0000000008003024                TIM1_BRK_TIM15_IRQHandler
 *fill*         0x0000000008003026        0x2 
 .text.HAL_Init
                0x0000000008003028       0x40 ./Drivers/STM32L4xx_HAL_Driver/Src/stm32l4xx_hal.o
                0x0000000008003028                HAL_Init
 .text.HAL_InitTick
                0x0000000008003068       0x78 ./Drivers/STM32L4xx_HAL_Driver/Src/stm32l4xx_hal.o
                0x0000000008003068                HAL_InitTick
 .text.HAL_IncTick
                0x00000000080030e0       0x28 ./Drivers/STM32L4xx_HAL_Driver/Src/stm32l4xx_hal.o
                0x00000000080030e0                HAL_IncTick
 .text.HAL_GetTick
                0x0000000008003108       0x18 ./Drivers/STM32L4xx_HAL_Driver/Src/stm32l4xx_hal.o
                0x0000000008003108                HAL_GetTick
 .text.HAL_Delay
                0x0000000008003120       0x48 ./Drivers/STM32L4xx_HAL_Driver/Src/stm32l4xx_hal.o
                0x0000000008003120                HAL_Delay
 .text.__NVIC_SetPriorityGrouping
                0x0000000008003168       0x48 ./Drivers/STM32L4xx_HAL_Driver/Src/stm32l4xx_hal_cortex.o
 .text.__NVIC_GetPriorityGrouping
                0x00000000080031b0       0x1c ./Drivers/STM32L4xx_HAL_Driver/Src/stm32l4xx_hal_cortex.o
 .text.__NVIC_EnableIRQ
                0x00000000080031cc       0x3c ./Drivers/STM32L4xx_HAL_Driver/Src/stm32l4xx_hal_cortex.o
 .text.__NVIC_SetPriority
                0x0000000008003208       0x54 ./Drivers/STM32L4xx_HAL_Driver/Src/stm32l4xx_hal_cortex.o
 .text.NVIC_EncodePriority
                0x000000000800325c       0x66 ./Drivers/STM32L4xx_HAL_Driver/Src/stm32l4xx_hal_cortex.o
 *fill*         0x00000000080032c2        0x2 
 .text.SysTick_Config
                0x00000000080032c4       0x44 ./Drivers/STM32L4xx_HAL_Driver/Src/stm32l4xx_hal_cortex.o
 .text.HAL_NVIC_SetPriorityGrouping
                0x0000000008003308       0x16 ./Drivers/STM32L4xx_HAL_Driver/Src/stm32l4xx_hal_cortex.o
                0x0000000008003308                HAL_NVIC_SetPriorityGrouping
 .text.HAL_NVIC_SetPriority
                0x000000000800331e       0x38 ./Drivers/STM32L4xx_HAL_Driver/Src/stm32l4xx_hal_cortex.o
                0x000000000800331e                HAL_NVIC_SetPriority
 .text.HAL_NVIC_EnableIRQ
                0x0000000008003356       0x1c ./Drivers/STM32L4xx_HAL_Driver/Src/stm32l4xx_hal_cortex.o
                0x0000000008003356                HAL_NVIC_EnableIRQ
 .text.HAL_SYSTICK_Config
                0x0000000008003372       0x18 ./Drivers/STM32L4xx_HAL_Driver/Src/stm32l4xx_hal_cortex.o
                0x0000000008003372                HAL_SYSTICK_Config
 .text.HAL_DMA_Abort_IT
                0x000000000800338a       0xbe ./Drivers/STM32L4xx_HAL_Driver/Src/stm32l4xx_hal_dma.o
                0x000000000800338a                HAL_DMA_Abort_IT
 .text.DSI_ConfigPacketHeader
                0x0000000008003448       0x32 ./Drivers/STM32L4xx_HAL_Driver/Src/stm32l4xx_hal_dsi.o
 .text.DSI_ShortWrite
                0x000000000800347a       0x5e ./Drivers/STM32L4xx_HAL_Driver/Src/stm32l4xx_hal_dsi.o
 .text.HAL_DSI_Init
                0x00000000080034d8      0x238 ./Drivers/STM32L4xx_HAL_Driver/Src/stm32l4xx_hal_dsi.o
                0x00000000080034d8                HAL_DSI_Init
 .text.HAL_DSI_ConfigErrorMonitor
                0x0000000008003710      0x17a ./Drivers/STM32L4xx_HAL_Driver/Src/stm32l4xx_hal_dsi.o
                0x0000000008003710                HAL_DSI_ConfigErrorMonitor
 .text.HAL_DSI_SetGenericVCID
                0x000000000800388a       0x50 ./Drivers/STM32L4xx_HAL_Driver/Src/stm32l4xx_hal_dsi.o
                0x000000000800388a                HAL_DSI_SetGenericVCID
 .text.HAL_DSI_ConfigVideoMode
                0x00000000080038da      0x410 ./Drivers/STM32L4xx_HAL_Driver/Src/stm32l4xx_hal_dsi.o
                0x00000000080038da                HAL_DSI_ConfigVideoMode
 .text.HAL_DSI_ConfigPhyTimer
                0x0000000008003cea       0xd4 ./Drivers/STM32L4xx_HAL_Driver/Src/stm32l4xx_hal_dsi.o
                0x0000000008003cea                HAL_DSI_ConfigPhyTimer
 .text.HAL_DSI_ConfigHostTimeouts
                0x0000000008003dbe      0x18c ./Drivers/STM32L4xx_HAL_Driver/Src/stm32l4xx_hal_dsi.o
                0x0000000008003dbe                HAL_DSI_ConfigHostTimeouts
 .text.HAL_DSI_Start
                0x0000000008003f4a       0x78 ./Drivers/STM32L4xx_HAL_Driver/Src/stm32l4xx_hal_dsi.o
                0x0000000008003f4a                HAL_DSI_Start
 .text.HAL_DSI_ShortWrite
                0x0000000008003fc2       0x44 ./Drivers/STM32L4xx_HAL_Driver/Src/stm32l4xx_hal_dsi.o
                0x0000000008003fc2                HAL_DSI_ShortWrite
 .text.HAL_DSI_LongWrite
                0x0000000008004006      0x130 ./Drivers/STM32L4xx_HAL_Driver/Src/stm32l4xx_hal_dsi.o
                0x0000000008004006                HAL_DSI_LongWrite
 .text.HAL_DSI_SetLowPowerRXFilter
                0x0000000008004136       0x5a ./Drivers/STM32L4xx_HAL_Driver/Src/stm32l4xx_hal_dsi.o
                0x0000000008004136                HAL_DSI_SetLowPowerRXFilter
 .text.HAL_GPIO_Init
                0x0000000008004190      0x324 ./Drivers/STM32L4xx_HAL_Driver/Src/stm32l4xx_hal_gpio.o
                0x0000000008004190                HAL_GPIO_Init
 .text.HAL_GPIO_ReadPin
                0x00000000080044b4       0x30 ./Drivers/STM32L4xx_HAL_Driver/Src/stm32l4xx_hal_gpio.o
                0x00000000080044b4                HAL_GPIO_ReadPin
 .text.HAL_GPIO_WritePin
                0x00000000080044e4       0x30 ./Drivers/STM32L4xx_HAL_Driver/Src/stm32l4xx_hal_gpio.o
                0x00000000080044e4                HAL_GPIO_WritePin
 .text.HAL_GPIO_EXTI_IRQHandler
                0x0000000008004514       0x30 ./Drivers/STM32L4xx_HAL_Driver/Src/stm32l4xx_hal_gpio.o
                0x0000000008004514                HAL_GPIO_EXTI_IRQHandler
 .text.HAL_I2C_Init
                0x0000000008004544      0x136 ./Drivers/STM32L4xx_HAL_Driver/Src/stm32l4xx_hal_i2c.o
                0x0000000008004544                HAL_I2C_Init
 .text.HAL_I2CEx_ConfigAnalogFilter
                0x000000000800467a       0x96 ./Drivers/STM32L4xx_HAL_Driver/Src/stm32l4xx_hal_i2c_ex.o
                0x000000000800467a                HAL_I2CEx_ConfigAnalogFilter
 .text.HAL_I2CEx_ConfigDigitalFilter
                0x0000000008004710       0x98 ./Drivers/STM32L4xx_HAL_Driver/Src/stm32l4xx_hal_i2c_ex.o
                0x0000000008004710                HAL_I2CEx_ConfigDigitalFilter
 .text.HAL_LTDC_Init
                0x00000000080047a8      0x1a0 ./Drivers/STM32L4xx_HAL_Driver/Src/stm32l4xx_hal_ltdc.o
                0x00000000080047a8                HAL_LTDC_Init
 .text.HAL_LTDC_ConfigLayer
                0x0000000008004948       0x7c ./Drivers/STM32L4xx_HAL_Driver/Src/stm32l4xx_hal_ltdc.o
                0x0000000008004948                HAL_LTDC_ConfigLayer
 .text.LTDC_SetConfig
                0x00000000080049c4      0x32e ./Drivers/STM32L4xx_HAL_Driver/Src/stm32l4xx_hal_ltdc.o
 *fill*         0x0000000008004cf2        0x2 
 .text.HAL_PWREx_GetVoltageRange
                0x0000000008004cf4       0x40 ./Drivers/STM32L4xx_HAL_Driver/Src/stm32l4xx_hal_pwr_ex.o
                0x0000000008004cf4                HAL_PWREx_GetVoltageRange
 .text.HAL_PWREx_ControlVoltageScaling
                0x0000000008004d34      0x148 ./Drivers/STM32L4xx_HAL_Driver/Src/stm32l4xx_hal_pwr_ex.o
                0x0000000008004d34                HAL_PWREx_ControlVoltageScaling
 .text.HAL_PWREx_EnableVddIO2
                0x0000000008004e7c       0x20 ./Drivers/STM32L4xx_HAL_Driver/Src/stm32l4xx_hal_pwr_ex.o
                0x0000000008004e7c                HAL_PWREx_EnableVddIO2
 .text.HAL_RCC_OscConfig
                0x0000000008004e9c      0x834 ./Drivers/STM32L4xx_HAL_Driver/Src/stm32l4xx_hal_rcc.o
                0x0000000008004e9c                HAL_RCC_OscConfig
 .text.HAL_RCC_ClockConfig
                0x00000000080056d0      0x274 ./Drivers/STM32L4xx_HAL_Driver/Src/stm32l4xx_hal_rcc.o
                0x00000000080056d0                HAL_RCC_ClockConfig
 .text.HAL_RCC_GetSysClockFreq
                0x0000000008005944      0x118 ./Drivers/STM32L4xx_HAL_Driver/Src/stm32l4xx_hal_rcc.o
                0x0000000008005944                HAL_RCC_GetSysClockFreq
 .text.HAL_RCC_GetHCLKFreq
                0x0000000008005a5c       0x18 ./Drivers/STM32L4xx_HAL_Driver/Src/stm32l4xx_hal_rcc.o
                0x0000000008005a5c                HAL_RCC_GetHCLKFreq
 .text.HAL_RCC_GetPCLK1Freq
                0x0000000008005a74       0x2c ./Drivers/STM32L4xx_HAL_Driver/Src/stm32l4xx_hal_rcc.o
                0x0000000008005a74                HAL_RCC_GetPCLK1Freq
 .text.HAL_RCC_GetPCLK2Freq
                0x0000000008005aa0       0x2c ./Drivers/STM32L4xx_HAL_Driver/Src/stm32l4xx_hal_rcc.o
                0x0000000008005aa0                HAL_RCC_GetPCLK2Freq
 .text.RCC_SetFlashLatencyFromMSIRange
                0x0000000008005acc       0xb4 ./Drivers/STM32L4xx_HAL_Driver/Src/stm32l4xx_hal_rcc.o
 .text.RCC_GetSysClockFreqFromPLLSource
                0x0000000008005b80       0xcc ./Drivers/STM32L4xx_HAL_Driver/Src/stm32l4xx_hal_rcc.o
 .text.HAL_RCCEx_PeriphCLKConfig
                0x0000000008005c4c      0x720 ./Drivers/STM32L4xx_HAL_Driver/Src/stm32l4xx_hal_rcc_ex.o
                0x0000000008005c4c                HAL_RCCEx_PeriphCLKConfig
 .text.RCCEx_PLLSAI1_Config
                0x000000000800636c      0x1e8 ./Drivers/STM32L4xx_HAL_Driver/Src/stm32l4xx_hal_rcc_ex.o
 .text.RCCEx_PLLSAI2_Config
                0x0000000008006554      0x1e8 ./Drivers/STM32L4xx_HAL_Driver/Src/stm32l4xx_hal_rcc_ex.o
 .text.HAL_SPI_Init
                0x000000000800673c      0x146 ./Drivers/STM32L4xx_HAL_Driver/Src/stm32l4xx_hal_spi.o
                0x000000000800673c                HAL_SPI_Init
 .text.HAL_SPI_Transmit
                0x0000000008006882      0x2ea ./Drivers/STM32L4xx_HAL_Driver/Src/stm32l4xx_hal_spi.o
                0x0000000008006882                HAL_SPI_Transmit
 .text.HAL_SPI_Receive
                0x0000000008006b6c      0x26e ./Drivers/STM32L4xx_HAL_Driver/Src/stm32l4xx_hal_spi.o
                0x0000000008006b6c                HAL_SPI_Receive
 .text.HAL_SPI_TransmitReceive
                0x0000000008006dda      0x444 ./Drivers/STM32L4xx_HAL_Driver/Src/stm32l4xx_hal_spi.o
                0x0000000008006dda                HAL_SPI_TransmitReceive
 *fill*         0x000000000800721e        0x2 
 .text.HAL_SPI_Receive_IT
                0x0000000008007220      0x15c ./Drivers/STM32L4xx_HAL_Driver/Src/stm32l4xx_hal_spi.o
                0x0000000008007220                HAL_SPI_Receive_IT
 .text.HAL_SPI_TransmitReceive_IT
                0x000000000800737c      0x15c ./Drivers/STM32L4xx_HAL_Driver/Src/stm32l4xx_hal_spi.o
                0x000000000800737c                HAL_SPI_TransmitReceive_IT
 .text.HAL_SPI_IRQHandler
                0x00000000080074d8      0x1e8 ./Drivers/STM32L4xx_HAL_Driver/Src/stm32l4xx_hal_spi.o
                0x00000000080074d8                HAL_SPI_IRQHandler
 .text.HAL_SPI_TxRxCpltCallback
                0x00000000080076c0       0x14 ./Drivers/STM32L4xx_HAL_Driver/Src/stm32l4xx_hal_spi.o
                0x00000000080076c0                HAL_SPI_TxRxCpltCallback
 .text.HAL_SPI_ErrorCallback
                0x00000000080076d4       0x14 ./Drivers/STM32L4xx_HAL_Driver/Src/stm32l4xx_hal_spi.o
                0x00000000080076d4                HAL_SPI_ErrorCallback
 .text.SPI_DMAAbortOnError
                0x00000000080076e8       0x2a ./Drivers/STM32L4xx_HAL_Driver/Src/stm32l4xx_hal_spi.o
 .text.SPI_2linesRxISR_8BIT
                0x0000000008007712       0xbe ./Drivers/STM32L4xx_HAL_Driver/Src/stm32l4xx_hal_spi.o
 .text.SPI_2linesTxISR_8BIT
                0x00000000080077d0       0x92 ./Drivers/STM32L4xx_HAL_Driver/Src/stm32l4xx_hal_spi.o
 .text.SPI_2linesRxISR_16BIT
                0x0000000008007862       0x66 ./Drivers/STM32L4xx_HAL_Driver/Src/stm32l4xx_hal_spi.o
 .text.SPI_2linesTxISR_16BIT
                0x00000000080078c8       0x60 ./Drivers/STM32L4xx_HAL_Driver/Src/stm32l4xx_hal_spi.o
 .text.SPI_RxISR_8BIT
                0x0000000008007928       0x50 ./Drivers/STM32L4xx_HAL_Driver/Src/stm32l4xx_hal_spi.o
 .text.SPI_RxISR_16BIT
                0x0000000008007978       0x4c ./Drivers/STM32L4xx_HAL_Driver/Src/stm32l4xx_hal_spi.o
 .text.SPI_WaitFlagStateUntilTimeout
                0x00000000080079c4      0x110 ./Drivers/STM32L4xx_HAL_Driver/Src/stm32l4xx_hal_spi.o
 .text.SPI_WaitFifoStateUntilTimeout
                0x0000000008007ad4      0x12c ./Drivers/STM32L4xx_HAL_Driver/Src/stm32l4xx_hal_spi.o
 .text.SPI_EndRxTransaction
                0x0000000008007c00       0xb0 ./Drivers/STM32L4xx_HAL_Driver/Src/stm32l4xx_hal_spi.o
 .text.SPI_EndRxTxTransaction
                0x0000000008007cb0       0x8c ./Drivers/STM32L4xx_HAL_Driver/Src/stm32l4xx_hal_spi.o
 .text.SPI_CloseRxTx_ISR
                0x0000000008007d3c       0x84 ./Drivers/STM32L4xx_HAL_Driver/Src/stm32l4xx_hal_spi.o
 .text.SPI_CloseRx_ISR
                0x0000000008007dc0       0x60 ./Drivers/STM32L4xx_HAL_Driver/Src/stm32l4xx_hal_spi.o
 .text.HAL_UART_Init
                0x0000000008007e20       0xa0 ./Drivers/STM32L4xx_HAL_Driver/Src/stm32l4xx_hal_uart.o
                0x0000000008007e20                HAL_UART_Init
 .text.HAL_UART_Transmit
                0x0000000008007ec0      0x11e ./Drivers/STM32L4xx_HAL_Driver/Src/stm32l4xx_hal_uart.o
                0x0000000008007ec0                HAL_UART_Transmit
 *fill*         0x0000000008007fde        0x2 
 .text.UART_SetConfig
                0x0000000008007fe0      0x5f8 ./Drivers/STM32L4xx_HAL_Driver/Src/stm32l4xx_hal_uart.o
                0x0000000008007fe0                UART_SetConfig
 .text.UART_AdvFeatureConfig
                0x00000000080085d8      0x144 ./Drivers/STM32L4xx_HAL_Driver/Src/stm32l4xx_hal_uart.o
                0x00000000080085d8                UART_AdvFeatureConfig
 .text.UART_CheckIdleState
                0x000000000800871c      0x154 ./Drivers/STM32L4xx_HAL_Driver/Src/stm32l4xx_hal_uart.o
                0x000000000800871c                UART_CheckIdleState
 .text.UART_WaitOnFlagUntilTimeout
                0x0000000008008870       0xce ./Drivers/STM32L4xx_HAL_Driver/Src/stm32l4xx_hal_uart.o
                0x0000000008008870                UART_WaitOnFlagUntilTimeout
 .text.UART_EndRxTransfer
                0x000000000800893e       0xcc ./Drivers/STM32L4xx_HAL_Driver/Src/stm32l4xx_hal_uart.o
 .text.HAL_UARTEx_DisableFifoMode
                0x0000000008008a0a       0x72 ./Drivers/STM32L4xx_HAL_Driver/Src/stm32l4xx_hal_uart_ex.o
                0x0000000008008a0a                HAL_UARTEx_DisableFifoMode
 .text.HAL_UARTEx_SetTxFifoThreshold
                0x0000000008008a7c       0x7c ./Drivers/STM32L4xx_HAL_Driver/Src/stm32l4xx_hal_uart_ex.o
                0x0000000008008a7c                HAL_UARTEx_SetTxFifoThreshold
 .text.HAL_UARTEx_SetRxFifoThreshold
                0x0000000008008af8       0x7c ./Drivers/STM32L4xx_HAL_Driver/Src/stm32l4xx_hal_uart_ex.o
                0x0000000008008af8                HAL_UARTEx_SetRxFifoThreshold
 .text.UARTEx_SetNbDataToProcess
                0x0000000008008b74       0x9c ./Drivers/STM32L4xx_HAL_Driver/Src/stm32l4xx_hal_uart_ex.o
 .text.sprintf  0x0000000008008c10       0x40 C:/ST/STM32CubeIDE_1.13.2/STM32CubeIDE/plugins/com.st.stm32cube.ide.mcu.externaltools.gnu-tools-for-stm32.11.3.rel1.win32_1.1.1.202309131626/tools/bin/../lib/gcc/arm-none-eabi/11.3.1/../../../../arm-none-eabi/lib/thumb/v7e-m+fp/hard\libc_nano.a(libc_a-sprintf.o)
                0x0000000008008c10                siprintf
                0x0000000008008c10                sprintf
 .text.memset   0x0000000008008c50       0x10 C:/ST/STM32CubeIDE_1.13.2/STM32CubeIDE/plugins/com.st.stm32cube.ide.mcu.externaltools.gnu-tools-for-stm32.11.3.rel1.win32_1.1.1.202309131626/tools/bin/../lib/gcc/arm-none-eabi/11.3.1/../../../../arm-none-eabi/lib/thumb/v7e-m+fp/hard\libc_nano.a(libc_a-memset.o)
                0x0000000008008c50                memset
 .text.__errno  0x0000000008008c60        0xc C:/ST/STM32CubeIDE_1.13.2/STM32CubeIDE/plugins/com.st.stm32cube.ide.mcu.externaltools.gnu-tools-for-stm32.11.3.rel1.win32_1.1.1.202309131626/tools/bin/../lib/gcc/arm-none-eabi/11.3.1/../../../../arm-none-eabi/lib/thumb/v7e-m+fp/hard\libc_nano.a(libc_a-errno.o)
                0x0000000008008c60                __errno
 .text.__libc_init_array
                0x0000000008008c6c       0x48 C:/ST/STM32CubeIDE_1.13.2/STM32CubeIDE/plugins/com.st.stm32cube.ide.mcu.externaltools.gnu-tools-for-stm32.11.3.rel1.win32_1.1.1.202309131626/tools/bin/../lib/gcc/arm-none-eabi/11.3.1/../../../../arm-none-eabi/lib/thumb/v7e-m+fp/hard\libc_nano.a(libc_a-init.o)
                0x0000000008008c6c                __libc_init_array
 .text.__retarget_lock_acquire_recursive
                0x0000000008008cb4        0x2 C:/ST/STM32CubeIDE_1.13.2/STM32CubeIDE/plugins/com.st.stm32cube.ide.mcu.externaltools.gnu-tools-for-stm32.11.3.rel1.win32_1.1.1.202309131626/tools/bin/../lib/gcc/arm-none-eabi/11.3.1/../../../../arm-none-eabi/lib/thumb/v7e-m+fp/hard\libc_nano.a(libc_a-lock.o)
                0x0000000008008cb4                __retarget_lock_acquire_recursive
 .text.__retarget_lock_release_recursive
                0x0000000008008cb6        0x2 C:/ST/STM32CubeIDE_1.13.2/STM32CubeIDE/plugins/com.st.stm32cube.ide.mcu.externaltools.gnu-tools-for-stm32.11.3.rel1.win32_1.1.1.202309131626/tools/bin/../lib/gcc/arm-none-eabi/11.3.1/../../../../arm-none-eabi/lib/thumb/v7e-m+fp/hard\libc_nano.a(libc_a-lock.o)
                0x0000000008008cb6                __retarget_lock_release_recursive
 .text._free_r  0x0000000008008cb8       0x98 C:/ST/STM32CubeIDE_1.13.2/STM32CubeIDE/plugins/com.st.stm32cube.ide.mcu.externaltools.gnu-tools-for-stm32.11.3.rel1.win32_1.1.1.202309131626/tools/bin/../lib/gcc/arm-none-eabi/11.3.1/../../../../arm-none-eabi/lib/thumb/v7e-m+fp/hard\libc_nano.a(libc_a-freer.o)
                0x0000000008008cb8                _free_r
 .text.sbrk_aligned
                0x0000000008008d50       0x40 C:/ST/STM32CubeIDE_1.13.2/STM32CubeIDE/plugins/com.st.stm32cube.ide.mcu.externaltools.gnu-tools-for-stm32.11.3.rel1.win32_1.1.1.202309131626/tools/bin/../lib/gcc/arm-none-eabi/11.3.1/../../../../arm-none-eabi/lib/thumb/v7e-m+fp/hard\libc_nano.a(libc_a-mallocr.o)
 .text._malloc_r
                0x0000000008008d90      0x100 C:/ST/STM32CubeIDE_1.13.2/STM32CubeIDE/plugins/com.st.stm32cube.ide.mcu.externaltools.gnu-tools-for-stm32.11.3.rel1.win32_1.1.1.202309131626/tools/bin/../lib/gcc/arm-none-eabi/11.3.1/../../../../arm-none-eabi/lib/thumb/v7e-m+fp/hard\libc_nano.a(libc_a-mallocr.o)
                0x0000000008008d90                _malloc_r
 .text.__malloc_lock
                0x0000000008008e90        0xc C:/ST/STM32CubeIDE_1.13.2/STM32CubeIDE/plugins/com.st.stm32cube.ide.mcu.externaltools.gnu-tools-for-stm32.11.3.rel1.win32_1.1.1.202309131626/tools/bin/../lib/gcc/arm-none-eabi/11.3.1/../../../../arm-none-eabi/lib/thumb/v7e-m+fp/hard\libc_nano.a(libc_a-mlock.o)
                0x0000000008008e90                __malloc_lock
 .text.__malloc_unlock
                0x0000000008008e9c        0xc C:/ST/STM32CubeIDE_1.13.2/STM32CubeIDE/plugins/com.st.stm32cube.ide.mcu.externaltools.gnu-tools-for-stm32.11.3.rel1.win32_1.1.1.202309131626/tools/bin/../lib/gcc/arm-none-eabi/11.3.1/../../../../arm-none-eabi/lib/thumb/v7e-m+fp/hard\libc_nano.a(libc_a-mlock.o)
                0x0000000008008e9c                __malloc_unlock
 .text.__ssputs_r
                0x0000000008008ea8       0xb4 C:/ST/STM32CubeIDE_1.13.2/STM32CubeIDE/plugins/com.st.stm32cube.ide.mcu.externaltools.gnu-tools-for-stm32.11.3.rel1.win32_1.1.1.202309131626/tools/bin/../lib/gcc/arm-none-eabi/11.3.1/../../../../arm-none-eabi/lib/thumb/v7e-m+fp/hard\libc_nano.a(libc_a-nano-svfprintf.o)
                0x0000000008008ea8                __ssputs_r
 .text._svfprintf_r
                0x0000000008008f5c      0x1fc C:/ST/STM32CubeIDE_1.13.2/STM32CubeIDE/plugins/com.st.stm32cube.ide.mcu.externaltools.gnu-tools-for-stm32.11.3.rel1.win32_1.1.1.202309131626/tools/bin/../lib/gcc/arm-none-eabi/11.3.1/../../../../arm-none-eabi/lib/thumb/v7e-m+fp/hard\libc_nano.a(libc_a-nano-svfprintf.o)
                0x0000000008008f5c                _svfiprintf_r
                0x0000000008008f5c                _svfprintf_r
 .text._printf_common
                0x0000000008009158       0xda C:/ST/STM32CubeIDE_1.13.2/STM32CubeIDE/plugins/com.st.stm32cube.ide.mcu.externaltools.gnu-tools-for-stm32.11.3.rel1.win32_1.1.1.202309131626/tools/bin/../lib/gcc/arm-none-eabi/11.3.1/../../../../arm-none-eabi/lib/thumb/v7e-m+fp/hard\libc_nano.a(libc_a-nano-vfprintf_i.o)
                0x0000000008009158                _printf_common
 *fill*         0x0000000008009232        0x2 
 .text._printf_i
                0x0000000008009234      0x244 C:/ST/STM32CubeIDE_1.13.2/STM32CubeIDE/plugins/com.st.stm32cube.ide.mcu.externaltools.gnu-tools-for-stm32.11.3.rel1.win32_1.1.1.202309131626/tools/bin/../lib/gcc/arm-none-eabi/11.3.1/../../../../arm-none-eabi/lib/thumb/v7e-m+fp/hard\libc_nano.a(libc_a-nano-vfprintf_i.o)
                0x0000000008009234                _printf_i
 .text.memmove  0x0000000008009478       0x34 C:/ST/STM32CubeIDE_1.13.2/STM32CubeIDE/plugins/com.st.stm32cube.ide.mcu.externaltools.gnu-tools-for-stm32.11.3.rel1.win32_1.1.1.202309131626/tools/bin/../lib/gcc/arm-none-eabi/11.3.1/../../../../arm-none-eabi/lib/thumb/v7e-m+fp/hard\libc_nano.a(libc_a-memmove.o)
                0x0000000008009478                memmove
 .text._sbrk_r  0x00000000080094ac       0x20 C:/ST/STM32CubeIDE_1.13.2/STM32CubeIDE/plugins/com.st.stm32cube.ide.mcu.externaltools.gnu-tools-for-stm32.11.3.rel1.win32_1.1.1.202309131626/tools/bin/../lib/gcc/arm-none-eabi/11.3.1/../../../../arm-none-eabi/lib/thumb/v7e-m+fp/hard\libc_nano.a(libc_a-sbrkr.o)
                0x00000000080094ac                _sbrk_r
 .text.memcpy   0x00000000080094cc       0x1c C:/ST/STM32CubeIDE_1.13.2/STM32CubeIDE/plugins/com.st.stm32cube.ide.mcu.externaltools.gnu-tools-for-stm32.11.3.rel1.win32_1.1.1.202309131626/tools/bin/../lib/gcc/arm-none-eabi/11.3.1/../../../../arm-none-eabi/lib/thumb/v7e-m+fp/hard\libc_nano.a(libc_a-memcpy-stub.o)
                0x00000000080094cc                memcpy
 .text._realloc_r
                0x00000000080094e8       0x5e C:/ST/STM32CubeIDE_1.13.2/STM32CubeIDE/plugins/com.st.stm32cube.ide.mcu.externaltools.gnu-tools-for-stm32.11.3.rel1.win32_1.1.1.202309131626/tools/bin/../lib/gcc/arm-none-eabi/11.3.1/../../../../arm-none-eabi/lib/thumb/v7e-m+fp/hard\libc_nano.a(libc_a-reallocr.o)
                0x00000000080094e8                _realloc_r
 .text._malloc_usable_size_r
                0x0000000008009546       0x10 C:/ST/STM32CubeIDE_1.13.2/STM32CubeIDE/plugins/com.st.stm32cube.ide.mcu.externaltools.gnu-tools-for-stm32.11.3.rel1.win32_1.1.1.202309131626/tools/bin/../lib/gcc/arm-none-eabi/11.3.1/../../../../arm-none-eabi/lib/thumb/v7e-m+fp/hard\libc_nano.a(libc_a-msizer.o)
                0x0000000008009546                _malloc_usable_size_r
 *(.glue_7)
 .glue_7        0x0000000008009556        0x0 linker stubs
 *(.glue_7t)
 .glue_7t       0x0000000008009556        0x0 linker stubs
 *(.eh_frame)
 *fill*         0x0000000008009556        0x2 
 .eh_frame      0x0000000008009558        0x0 C:/ST/STM32CubeIDE_1.13.2/STM32CubeIDE/plugins/com.st.stm32cube.ide.mcu.externaltools.gnu-tools-for-stm32.11.3.rel1.win32_1.1.1.202309131626/tools/bin/../lib/gcc/arm-none-eabi/11.3.1/thumb/v7e-m+fp/hard/crtbegin.o
 *(.init)
 .init          0x0000000008009558        0x4 C:/ST/STM32CubeIDE_1.13.2/STM32CubeIDE/plugins/com.st.stm32cube.ide.mcu.externaltools.gnu-tools-for-stm32.11.3.rel1.win32_1.1.1.202309131626/tools/bin/../lib/gcc/arm-none-eabi/11.3.1/thumb/v7e-m+fp/hard/crti.o
                0x0000000008009558                _init
 .init          0x000000000800955c        0x8 C:/ST/STM32CubeIDE_1.13.2/STM32CubeIDE/plugins/com.st.stm32cube.ide.mcu.externaltools.gnu-tools-for-stm32.11.3.rel1.win32_1.1.1.202309131626/tools/bin/../lib/gcc/arm-none-eabi/11.3.1/thumb/v7e-m+fp/hard/crtn.o
 *(.fini)
 .fini          0x0000000008009564        0x4 C:/ST/STM32CubeIDE_1.13.2/STM32CubeIDE/plugins/com.st.stm32cube.ide.mcu.externaltools.gnu-tools-for-stm32.11.3.rel1.win32_1.1.1.202309131626/tools/bin/../lib/gcc/arm-none-eabi/11.3.1/thumb/v7e-m+fp/hard/crti.o
                0x0000000008009564                _fini
 .fini          0x0000000008009568        0x8 C:/ST/STM32CubeIDE_1.13.2/STM32CubeIDE/plugins/com.st.stm32cube.ide.mcu.externaltools.gnu-tools-for-stm32.11.3.rel1.win32_1.1.1.202309131626/tools/bin/../lib/gcc/arm-none-eabi/11.3.1/thumb/v7e-m+fp/hard/crtn.o
                0x0000000008009570                . = ALIGN (0x4)
                0x0000000008009570                _etext = .

.vfp11_veneer   0x0000000008009570        0x0
 .vfp11_veneer  0x0000000008009570        0x0 linker stubs

.v4_bx          0x0000000008009570        0x0
 .v4_bx         0x0000000008009570        0x0 linker stubs

.iplt           0x0000000008009570        0x0
 .iplt          0x0000000008009570        0x0 C:/ST/STM32CubeIDE_1.13.2/STM32CubeIDE/plugins/com.st.stm32cube.ide.mcu.externaltools.gnu-tools-for-stm32.11.3.rel1.win32_1.1.1.202309131626/tools/bin/../lib/gcc/arm-none-eabi/11.3.1/thumb/v7e-m+fp/hard/crtbegin.o

.rodata         0x0000000008009570      0x168
                0x0000000008009570                . = ALIGN (0x4)
 *(.rodata)
 .rodata        0x0000000008009570       0xc2 ./Core/Src/main.o
 *(.rodata*)
 *fill*         0x0000000008009632        0x2 
 .rodata.AHBPrescTable
                0x0000000008009634       0x10 ./Core/Src/system_stm32l4xx.o
                0x0000000008009634                AHBPrescTable
 .rodata.APBPrescTable
                0x0000000008009644        0x8 ./Core/Src/system_stm32l4xx.o
                0x0000000008009644                APBPrescTable
 .rodata.MSIRangeTable
                0x000000000800964c       0x30 ./Core/Src/system_stm32l4xx.o
                0x000000000800964c                MSIRangeTable
 .rodata.UARTPrescTable
                0x000000000800967c       0x18 ./Drivers/STM32L4xx_HAL_Driver/Src/stm32l4xx_hal_uart.o
                0x000000000800967c                UARTPrescTable
 .rodata.numerator.1
                0x0000000008009694        0x8 ./Drivers/STM32L4xx_HAL_Driver/Src/stm32l4xx_hal_uart_ex.o
 .rodata.denominator.0
                0x000000000800969c        0x8 ./Drivers/STM32L4xx_HAL_Driver/Src/stm32l4xx_hal_uart_ex.o
 .rodata._svfprintf_r.str1.1
                0x00000000080096a4       0x11 C:/ST/STM32CubeIDE_1.13.2/STM32CubeIDE/plugins/com.st.stm32cube.ide.mcu.externaltools.gnu-tools-for-stm32.11.3.rel1.win32_1.1.1.202309131626/tools/bin/../lib/gcc/arm-none-eabi/11.3.1/../../../../arm-none-eabi/lib/thumb/v7e-m+fp/hard\libc_nano.a(libc_a-nano-svfprintf.o)
 .rodata._printf_i.str1.1
                0x00000000080096b5       0x22 C:/ST/STM32CubeIDE_1.13.2/STM32CubeIDE/plugins/com.st.stm32cube.ide.mcu.externaltools.gnu-tools-for-stm32.11.3.rel1.win32_1.1.1.202309131626/tools/bin/../lib/gcc/arm-none-eabi/11.3.1/../../../../arm-none-eabi/lib/thumb/v7e-m+fp/hard\libc_nano.a(libc_a-nano-vfprintf_i.o)
                0x00000000080096d8                . = ALIGN (0x4)
 *fill*         0x00000000080096d7        0x1 

.ARM.extab      0x00000000080096d8        0x0
                0x00000000080096d8                . = ALIGN (0x4)
 *(.ARM.extab* .gnu.linkonce.armextab.*)
                0x00000000080096d8                . = ALIGN (0x4)

.ARM            0x00000000080096d8        0x8
                0x00000000080096d8                . = ALIGN (0x4)
                0x00000000080096d8                __exidx_start = .
 *(.ARM.exidx*)
 .ARM.exidx     0x00000000080096d8        0x8 C:/ST/STM32CubeIDE_1.13.2/STM32CubeIDE/plugins/com.st.stm32cube.ide.mcu.externaltools.gnu-tools-for-stm32.11.3.rel1.win32_1.1.1.202309131626/tools/bin/../lib/gcc/arm-none-eabi/11.3.1/thumb/v7e-m+fp/hard\libgcc.a(_udivmoddi4.o)
                0x00000000080096e0                __exidx_end = .
                0x00000000080096e0                . = ALIGN (0x4)

.rel.dyn        0x00000000080096e0        0x0
 .rel.iplt      0x00000000080096e0        0x0 C:/ST/STM32CubeIDE_1.13.2/STM32CubeIDE/plugins/com.st.stm32cube.ide.mcu.externaltools.gnu-tools-for-stm32.11.3.rel1.win32_1.1.1.202309131626/tools/bin/../lib/gcc/arm-none-eabi/11.3.1/thumb/v7e-m+fp/hard/crtbegin.o

.preinit_array  0x00000000080096e0        0x0
                0x00000000080096e0                . = ALIGN (0x4)
                0x00000000080096e0                PROVIDE (__preinit_array_start = .)
 *(.preinit_array*)
                0x00000000080096e0                PROVIDE (__preinit_array_end = .)
                0x00000000080096e0                . = ALIGN (0x4)

.init_array     0x00000000080096e0        0x4
                0x00000000080096e0                . = ALIGN (0x4)
                0x00000000080096e0                PROVIDE (__init_array_start = .)
 *(SORT_BY_NAME(.init_array.*))
 *(.init_array*)
 .init_array    0x00000000080096e0        0x4 C:/ST/STM32CubeIDE_1.13.2/STM32CubeIDE/plugins/com.st.stm32cube.ide.mcu.externaltools.gnu-tools-for-stm32.11.3.rel1.win32_1.1.1.202309131626/tools/bin/../lib/gcc/arm-none-eabi/11.3.1/thumb/v7e-m+fp/hard/crtbegin.o
                0x00000000080096e4                PROVIDE (__init_array_end = .)
                0x00000000080096e4                . = ALIGN (0x4)

.fini_array     0x00000000080096e4        0x4
                0x00000000080096e4                . = ALIGN (0x4)
                [!provide]                        PROVIDE (__fini_array_start = .)
 *(SORT_BY_NAME(.fini_array.*))
 *(.fini_array*)
 .fini_array    0x00000000080096e4        0x4 C:/ST/STM32CubeIDE_1.13.2/STM32CubeIDE/plugins/com.st.stm32cube.ide.mcu.externaltools.gnu-tools-for-stm32.11.3.rel1.win32_1.1.1.202309131626/tools/bin/../lib/gcc/arm-none-eabi/11.3.1/thumb/v7e-m+fp/hard/crtbegin.o
                [!provide]                        PROVIDE (__fini_array_end = .)
                0x00000000080096e8                . = ALIGN (0x4)
                0x00000000080096e8                _sidata = LOADADDR (.data)

.data           0x0000000020000000     0x4b68 load address 0x00000000080096e8
                0x0000000020000000                . = ALIGN (0x4)
                0x0000000020000000                _sdata = .
 *(.data)
 *(.data*)
 .data.frame_rate
                0x0000000020000000        0x4 ./Core/Src/main.o
                0x0000000020000000                frame_rate
 .data.total_image_in_flash
                0x0000000020000004        0x1 ./Core/Src/main.o
                0x0000000020000004                total_image_in_flash
 *fill*         0x0000000020000005        0x3 
 .data.image_80x80_rgb888
                0x0000000020000008     0x4b00 ./Core/Src/main.o
                0x0000000020000008                image_80x80_rgb888
 .data.ble_read_cmd
                0x0000000020004b08        0x4 ./Core/Src/main.o
                0x0000000020004b08                ble_read_cmd
 .data.SystemCoreClock
                0x0000000020004b0c        0x4 ./Core/Src/system_stm32l4xx.o
                0x0000000020004b0c                SystemCoreClock
 .data.uwTickPrio
                0x0000000020004b10        0x4 ./Drivers/STM32L4xx_HAL_Driver/Src/stm32l4xx_hal.o
                0x0000000020004b10                uwTickPrio
 .data.uwTickFreq
                0x0000000020004b14        0x1 ./Drivers/STM32L4xx_HAL_Driver/Src/stm32l4xx_hal.o
                0x0000000020004b14                uwTickFreq
 *fill*         0x0000000020004b15        0x3 
 .data._impure_data
                0x0000000020004b18       0x4c C:/ST/STM32CubeIDE_1.13.2/STM32CubeIDE/plugins/com.st.stm32cube.ide.mcu.externaltools.gnu-tools-for-stm32.11.3.rel1.win32_1.1.1.202309131626/tools/bin/../lib/gcc/arm-none-eabi/11.3.1/../../../../arm-none-eabi/lib/thumb/v7e-m+fp/hard\libc_nano.a(libc_a-impure.o)
                0x0000000020004b18                _impure_data
 .data._impure_ptr
                0x0000000020004b64        0x4 C:/ST/STM32CubeIDE_1.13.2/STM32CubeIDE/plugins/com.st.stm32cube.ide.mcu.externaltools.gnu-tools-for-stm32.11.3.rel1.win32_1.1.1.202309131626/tools/bin/../lib/gcc/arm-none-eabi/11.3.1/../../../../arm-none-eabi/lib/thumb/v7e-m+fp/hard\libc_nano.a(libc_a-impure.o)
                0x0000000020004b64                _impure_ptr
 *(.RamFunc)
 *(.RamFunc*)
                0x0000000020004b68                . = ALIGN (0x4)
                0x0000000020004b68                _edata = .

.igot.plt       0x0000000020004b68        0x0 load address 0x000000000800e250
 .igot.plt      0x0000000020004b68        0x0 C:/ST/STM32CubeIDE_1.13.2/STM32CubeIDE/plugins/com.st.stm32cube.ide.mcu.externaltools.gnu-tools-for-stm32.11.3.rel1.win32_1.1.1.202309131626/tools/bin/../lib/gcc/arm-none-eabi/11.3.1/thumb/v7e-m+fp/hard/crtbegin.o
                0x0000000020004b68                . = ALIGN (0x4)

.bss            0x0000000020004b68     0x68d8 load address 0x000000000800e250
                0x0000000020004b68                _sbss = .
                0x0000000020004b68                __bss_start__ = _sbss
 *(.bss)
 .bss           0x0000000020004b68       0x1c C:/ST/STM32CubeIDE_1.13.2/STM32CubeIDE/plugins/com.st.stm32cube.ide.mcu.externaltools.gnu-tools-for-stm32.11.3.rel1.win32_1.1.1.202309131626/tools/bin/../lib/gcc/arm-none-eabi/11.3.1/thumb/v7e-m+fp/hard/crtbegin.o
 *(.bss*)
 .bss.hdsi      0x0000000020004b84       0x1c ./Core/Src/main.o
                0x0000000020004b84                hdsi
 .bss.hi2c1     0x0000000020004ba0       0x54 ./Core/Src/main.o
                0x0000000020004ba0                hi2c1
 .bss.hi2c2     0x0000000020004bf4       0x54 ./Core/Src/main.o
                0x0000000020004bf4                hi2c2
 .bss.hltdc     0x0000000020004c48       0xa8 ./Core/Src/main.o
                0x0000000020004c48                hltdc
 .bss.hspi1     0x0000000020004cf0       0x64 ./Core/Src/main.o
                0x0000000020004cf0                hspi1
 .bss.hspi2     0x0000000020004d54       0x64 ./Core/Src/main.o
                0x0000000020004d54                hspi2
 .bss.hspi3     0x0000000020004db8       0x64 ./Core/Src/main.o
                0x0000000020004db8                hspi3
 .bss.huart4    0x0000000020004e1c       0x94 ./Core/Src/main.o
                0x0000000020004e1c                huart4
 .bss.BOARD_NUMBER
                0x0000000020004eb0        0x1 ./Core/Src/main.o
                0x0000000020004eb0                BOARD_NUMBER
 *fill*         0x0000000020004eb1        0x3 
 .bss.spi3_buf  0x0000000020004eb4        0x2 ./Core/Src/main.o
                0x0000000020004eb4                spi3_buf
 *fill*         0x0000000020004eb6        0x2 
 .bss.frame_buf_tmp
                0x0000000020004eb8     0x1900 ./Core/Src/main.o
                0x0000000020004eb8                frame_buf_tmp
 .bss.frame_buf_0
                0x00000000200067b8     0x1900 ./Core/Src/main.o
                0x00000000200067b8                frame_buf_0
 .bss.frame_buf_1
                0x00000000200080b8     0x1900 ./Core/Src/main.o
                0x00000000200080b8                frame_buf_1
 .bss.frame_buf_flash
                0x00000000200099b8     0x1900 ./Core/Src/main.o
                0x00000000200099b8                frame_buf_flash
 .bss.play_mode
                0x000000002000b2b8        0x1 ./Core/Src/main.o
                0x000000002000b2b8                play_mode
 .bss.play_mode_source
                0x000000002000b2b9        0x1 ./Core/Src/main.o
                0x000000002000b2b9                play_mode_source
 .bss.display_image_number
                0x000000002000b2ba        0x1 ./Core/Src/main.o
                0x000000002000b2ba                display_image_number
 *fill*         0x000000002000b2bb        0x1 
 .bss.button_count
                0x000000002000b2bc        0x4 ./Core/Src/main.o
                0x000000002000b2bc                button_count
 .bss.ble_RXBuffer
                0x000000002000b2c0       0x14 ./Core/Src/main.o
                0x000000002000b2c0                ble_RXBuffer
 .bss.ble_WrapRX
                0x000000002000b2d4       0x14 ./Core/Src/main.o
                0x000000002000b2d4                ble_WrapRX
 .bss.Read_flag
                0x000000002000b2e8        0x1 ./Core/Src/main.o
                0x000000002000b2e8                Read_flag
 *fill*         0x000000002000b2e9        0x1 
 .bss.Rcount    0x000000002000b2ea        0x2 ./Core/Src/main.o
                0x000000002000b2ea                Rcount
 .bss.Wcount    0x000000002000b2ec        0x2 ./Core/Src/main.o
                0x000000002000b2ec                Wcount
 *fill*         0x000000002000b2ee        0x2 
 .bss.__sbrk_heap_end
                0x000000002000b2f0        0x4 ./Core/Src/sysmem.o
 .bss.uwTick    0x000000002000b2f4        0x4 ./Drivers/STM32L4xx_HAL_Driver/Src/stm32l4xx_hal.o
                0x000000002000b2f4                uwTick
 .bss.__sf      0x000000002000b2f8      0x138 C:/ST/STM32CubeIDE_1.13.2/STM32CubeIDE/plugins/com.st.stm32cube.ide.mcu.externaltools.gnu-tools-for-stm32.11.3.rel1.win32_1.1.1.202309131626/tools/bin/../lib/gcc/arm-none-eabi/11.3.1/../../../../arm-none-eabi/lib/thumb/v7e-m+fp/hard\libc_nano.a(libc_a-findfp.o)
                0x000000002000b2f8                __sf
 .bss.errno     0x000000002000b430        0x4 C:/ST/STM32CubeIDE_1.13.2/STM32CubeIDE/plugins/com.st.stm32cube.ide.mcu.externaltools.gnu-tools-for-stm32.11.3.rel1.win32_1.1.1.202309131626/tools/bin/../lib/gcc/arm-none-eabi/11.3.1/../../../../arm-none-eabi/lib/thumb/v7e-m+fp/hard\libc_nano.a(libc_a-reent.o)
                0x000000002000b430                errno
 .bss.__lock___malloc_recursive_mutex
                0x000000002000b434        0x1 C:/ST/STM32CubeIDE_1.13.2/STM32CubeIDE/plugins/com.st.stm32cube.ide.mcu.externaltools.gnu-tools-for-stm32.11.3.rel1.win32_1.1.1.202309131626/tools/bin/../lib/gcc/arm-none-eabi/11.3.1/../../../../arm-none-eabi/lib/thumb/v7e-m+fp/hard\libc_nano.a(libc_a-lock.o)
                0x000000002000b434                __lock___malloc_recursive_mutex
 *fill*         0x000000002000b435        0x3 
 .bss.__malloc_free_list
                0x000000002000b438        0x4 C:/ST/STM32CubeIDE_1.13.2/STM32CubeIDE/plugins/com.st.stm32cube.ide.mcu.externaltools.gnu-tools-for-stm32.11.3.rel1.win32_1.1.1.202309131626/tools/bin/../lib/gcc/arm-none-eabi/11.3.1/../../../../arm-none-eabi/lib/thumb/v7e-m+fp/hard\libc_nano.a(libc_a-mallocr.o)
                0x000000002000b438                __malloc_free_list
 .bss.__malloc_sbrk_start
                0x000000002000b43c        0x4 C:/ST/STM32CubeIDE_1.13.2/STM32CubeIDE/plugins/com.st.stm32cube.ide.mcu.externaltools.gnu-tools-for-stm32.11.3.rel1.win32_1.1.1.202309131626/tools/bin/../lib/gcc/arm-none-eabi/11.3.1/../../../../arm-none-eabi/lib/thumb/v7e-m+fp/hard\libc_nano.a(libc_a-mallocr.o)
                0x000000002000b43c                __malloc_sbrk_start
 *(COMMON)
                0x000000002000b440                . = ALIGN (0x4)
                0x000000002000b440                _ebss = .
                0x000000002000b440                __bss_end__ = _ebss

._user_heap_stack
                0x000000002000b440      0x600 load address 0x000000000800e250
                0x000000002000b440                . = ALIGN (0x8)
                [!provide]                        PROVIDE (end = .)
                0x000000002000b440                PROVIDE (_end = .)
                0x000000002000b640                . = (. + _Min_Heap_Size)
 *fill*         0x000000002000b440      0x200 
                0x000000002000ba40                . = (. + _Min_Stack_Size)
 *fill*         0x000000002000b640      0x400 
                0x000000002000ba40                . = ALIGN (0x8)

/DISCARD/
 libc.a(*)
 libm.a(*)
 libgcc.a(*)

.ARM.attributes
                0x0000000000000000       0x30
 *(.ARM.attributes)
 .ARM.attributes
                0x0000000000000000       0x1e C:/ST/STM32CubeIDE_1.13.2/STM32CubeIDE/plugins/com.st.stm32cube.ide.mcu.externaltools.gnu-tools-for-stm32.11.3.rel1.win32_1.1.1.202309131626/tools/bin/../lib/gcc/arm-none-eabi/11.3.1/thumb/v7e-m+fp/hard/crti.o
 .ARM.attributes
                0x000000000000001e       0x34 C:/ST/STM32CubeIDE_1.13.2/STM32CubeIDE/plugins/com.st.stm32cube.ide.mcu.externaltools.gnu-tools-for-stm32.11.3.rel1.win32_1.1.1.202309131626/tools/bin/../lib/gcc/arm-none-eabi/11.3.1/thumb/v7e-m+fp/hard/crtbegin.o
 .ARM.attributes
                0x0000000000000052       0x34 ./Core/Src/main.o
 .ARM.attributes
                0x0000000000000086       0x34 ./Core/Src/stm32l4xx_hal_msp.o
 .ARM.attributes
                0x00000000000000ba       0x34 ./Core/Src/stm32l4xx_it.o
 .ARM.attributes
                0x00000000000000ee       0x34 ./Core/Src/sysmem.o
 .ARM.attributes
                0x0000000000000122       0x34 ./Core/Src/system_stm32l4xx.o
 .ARM.attributes
                0x0000000000000156       0x21 ./Core/Startup/startup_stm32l4s9zijx.o
 .ARM.attributes
                0x0000000000000177       0x34 ./Drivers/STM32L4xx_HAL_Driver/Src/stm32l4xx_hal.o
 .ARM.attributes
                0x00000000000001ab       0x34 ./Drivers/STM32L4xx_HAL_Driver/Src/stm32l4xx_hal_cortex.o
 .ARM.attributes
                0x00000000000001df       0x34 ./Drivers/STM32L4xx_HAL_Driver/Src/stm32l4xx_hal_dma.o
 .ARM.attributes
                0x0000000000000213       0x34 ./Drivers/STM32L4xx_HAL_Driver/Src/stm32l4xx_hal_dsi.o
 .ARM.attributes
                0x0000000000000247       0x34 ./Drivers/STM32L4xx_HAL_Driver/Src/stm32l4xx_hal_gpio.o
 .ARM.attributes
                0x000000000000027b       0x34 ./Drivers/STM32L4xx_HAL_Driver/Src/stm32l4xx_hal_i2c.o
 .ARM.attributes
                0x00000000000002af       0x34 ./Drivers/STM32L4xx_HAL_Driver/Src/stm32l4xx_hal_i2c_ex.o
 .ARM.attributes
                0x00000000000002e3       0x34 ./Drivers/STM32L4xx_HAL_Driver/Src/stm32l4xx_hal_ltdc.o
 .ARM.attributes
                0x0000000000000317       0x34 ./Drivers/STM32L4xx_HAL_Driver/Src/stm32l4xx_hal_pwr_ex.o
 .ARM.attributes
                0x000000000000034b       0x34 ./Drivers/STM32L4xx_HAL_Driver/Src/stm32l4xx_hal_rcc.o
 .ARM.attributes
                0x000000000000037f       0x34 ./Drivers/STM32L4xx_HAL_Driver/Src/stm32l4xx_hal_rcc_ex.o
 .ARM.attributes
                0x00000000000003b3       0x34 ./Drivers/STM32L4xx_HAL_Driver/Src/stm32l4xx_hal_spi.o
 .ARM.attributes
                0x00000000000003e7       0x34 ./Drivers/STM32L4xx_HAL_Driver/Src/stm32l4xx_hal_uart.o
 .ARM.attributes
                0x000000000000041b       0x34 ./Drivers/STM32L4xx_HAL_Driver/Src/stm32l4xx_hal_uart_ex.o
 .ARM.attributes
                0x000000000000044f       0x34 C:/ST/STM32CubeIDE_1.13.2/STM32CubeIDE/plugins/com.st.stm32cube.ide.mcu.externaltools.gnu-tools-for-stm32.11.3.rel1.win32_1.1.1.202309131626/tools/bin/../lib/gcc/arm-none-eabi/11.3.1/../../../../arm-none-eabi/lib/thumb/v7e-m+fp/hard\libc_nano.a(libc_a-findfp.o)
 .ARM.attributes
                0x0000000000000483       0x34 C:/ST/STM32CubeIDE_1.13.2/STM32CubeIDE/plugins/com.st.stm32cube.ide.mcu.externaltools.gnu-tools-for-stm32.11.3.rel1.win32_1.1.1.202309131626/tools/bin/../lib/gcc/arm-none-eabi/11.3.1/../../../../arm-none-eabi/lib/thumb/v7e-m+fp/hard\libc_nano.a(libc_a-sprintf.o)
 .ARM.attributes
                0x00000000000004b7       0x34 C:/ST/STM32CubeIDE_1.13.2/STM32CubeIDE/plugins/com.st.stm32cube.ide.mcu.externaltools.gnu-tools-for-stm32.11.3.rel1.win32_1.1.1.202309131626/tools/bin/../lib/gcc/arm-none-eabi/11.3.1/../../../../arm-none-eabi/lib/thumb/v7e-m+fp/hard\libc_nano.a(libc_a-memset.o)
 .ARM.attributes
                0x00000000000004eb       0x34 C:/ST/STM32CubeIDE_1.13.2/STM32CubeIDE/plugins/com.st.stm32cube.ide.mcu.externaltools.gnu-tools-for-stm32.11.3.rel1.win32_1.1.1.202309131626/tools/bin/../lib/gcc/arm-none-eabi/11.3.1/../../../../arm-none-eabi/lib/thumb/v7e-m+fp/hard\libc_nano.a(libc_a-reent.o)
 .ARM.attributes
                0x000000000000051f       0x34 C:/ST/STM32CubeIDE_1.13.2/STM32CubeIDE/plugins/com.st.stm32cube.ide.mcu.externaltools.gnu-tools-for-stm32.11.3.rel1.win32_1.1.1.202309131626/tools/bin/../lib/gcc/arm-none-eabi/11.3.1/../../../../arm-none-eabi/lib/thumb/v7e-m+fp/hard\libc_nano.a(libc_a-impure.o)
 .ARM.attributes
                0x0000000000000553       0x34 C:/ST/STM32CubeIDE_1.13.2/STM32CubeIDE/plugins/com.st.stm32cube.ide.mcu.externaltools.gnu-tools-for-stm32.11.3.rel1.win32_1.1.1.202309131626/tools/bin/../lib/gcc/arm-none-eabi/11.3.1/../../../../arm-none-eabi/lib/thumb/v7e-m+fp/hard\libc_nano.a(libc_a-errno.o)
 .ARM.attributes
                0x0000000000000587       0x34 C:/ST/STM32CubeIDE_1.13.2/STM32CubeIDE/plugins/com.st.stm32cube.ide.mcu.externaltools.gnu-tools-for-stm32.11.3.rel1.win32_1.1.1.202309131626/tools/bin/../lib/gcc/arm-none-eabi/11.3.1/../../../../arm-none-eabi/lib/thumb/v7e-m+fp/hard\libc_nano.a(libc_a-init.o)
 .ARM.attributes
                0x00000000000005bb       0x34 C:/ST/STM32CubeIDE_1.13.2/STM32CubeIDE/plugins/com.st.stm32cube.ide.mcu.externaltools.gnu-tools-for-stm32.11.3.rel1.win32_1.1.1.202309131626/tools/bin/../lib/gcc/arm-none-eabi/11.3.1/../../../../arm-none-eabi/lib/thumb/v7e-m+fp/hard\libc_nano.a(libc_a-lock.o)
 .ARM.attributes
                0x00000000000005ef       0x34 C:/ST/STM32CubeIDE_1.13.2/STM32CubeIDE/plugins/com.st.stm32cube.ide.mcu.externaltools.gnu-tools-for-stm32.11.3.rel1.win32_1.1.1.202309131626/tools/bin/../lib/gcc/arm-none-eabi/11.3.1/../../../../arm-none-eabi/lib/thumb/v7e-m+fp/hard\libc_nano.a(libc_a-freer.o)
 .ARM.attributes
                0x0000000000000623       0x34 C:/ST/STM32CubeIDE_1.13.2/STM32CubeIDE/plugins/com.st.stm32cube.ide.mcu.externaltools.gnu-tools-for-stm32.11.3.rel1.win32_1.1.1.202309131626/tools/bin/../lib/gcc/arm-none-eabi/11.3.1/../../../../arm-none-eabi/lib/thumb/v7e-m+fp/hard\libc_nano.a(libc_a-mallocr.o)
 .ARM.attributes
                0x0000000000000657       0x34 C:/ST/STM32CubeIDE_1.13.2/STM32CubeIDE/plugins/com.st.stm32cube.ide.mcu.externaltools.gnu-tools-for-stm32.11.3.rel1.win32_1.1.1.202309131626/tools/bin/../lib/gcc/arm-none-eabi/11.3.1/../../../../arm-none-eabi/lib/thumb/v7e-m+fp/hard\libc_nano.a(libc_a-mlock.o)
 .ARM.attributes
                0x000000000000068b       0x34 C:/ST/STM32CubeIDE_1.13.2/STM32CubeIDE/plugins/com.st.stm32cube.ide.mcu.externaltools.gnu-tools-for-stm32.11.3.rel1.win32_1.1.1.202309131626/tools/bin/../lib/gcc/arm-none-eabi/11.3.1/../../../../arm-none-eabi/lib/thumb/v7e-m+fp/hard\libc_nano.a(libc_a-nano-svfprintf.o)
 .ARM.attributes
                0x00000000000006bf       0x34 C:/ST/STM32CubeIDE_1.13.2/STM32CubeIDE/plugins/com.st.stm32cube.ide.mcu.externaltools.gnu-tools-for-stm32.11.3.rel1.win32_1.1.1.202309131626/tools/bin/../lib/gcc/arm-none-eabi/11.3.1/../../../../arm-none-eabi/lib/thumb/v7e-m+fp/hard\libc_nano.a(libc_a-nano-vfprintf_i.o)
 .ARM.attributes
                0x00000000000006f3       0x34 C:/ST/STM32CubeIDE_1.13.2/STM32CubeIDE/plugins/com.st.stm32cube.ide.mcu.externaltools.gnu-tools-for-stm32.11.3.rel1.win32_1.1.1.202309131626/tools/bin/../lib/gcc/arm-none-eabi/11.3.1/../../../../arm-none-eabi/lib/thumb/v7e-m+fp/hard\libc_nano.a(libc_a-memmove.o)
 .ARM.attributes
                0x0000000000000727       0x34 C:/ST/STM32CubeIDE_1.13.2/STM32CubeIDE/plugins/com.st.stm32cube.ide.mcu.externaltools.gnu-tools-for-stm32.11.3.rel1.win32_1.1.1.202309131626/tools/bin/../lib/gcc/arm-none-eabi/11.3.1/../../../../arm-none-eabi/lib/thumb/v7e-m+fp/hard\libc_nano.a(libc_a-sbrkr.o)
 .ARM.attributes
                0x000000000000075b       0x1c C:/ST/STM32CubeIDE_1.13.2/STM32CubeIDE/plugins/com.st.stm32cube.ide.mcu.externaltools.gnu-tools-for-stm32.11.3.rel1.win32_1.1.1.202309131626/tools/bin/../lib/gcc/arm-none-eabi/11.3.1/../../../../arm-none-eabi/lib/thumb/v7e-m+fp/hard\libc_nano.a(libc_a-memchr.o)
 .ARM.attributes
                0x0000000000000777       0x34 C:/ST/STM32CubeIDE_1.13.2/STM32CubeIDE/plugins/com.st.stm32cube.ide.mcu.externaltools.gnu-tools-for-stm32.11.3.rel1.win32_1.1.1.202309131626/tools/bin/../lib/gcc/arm-none-eabi/11.3.1/../../../../arm-none-eabi/lib/thumb/v7e-m+fp/hard\libc_nano.a(libc_a-memcpy-stub.o)
 .ARM.attributes
                0x00000000000007ab       0x34 C:/ST/STM32CubeIDE_1.13.2/STM32CubeIDE/plugins/com.st.stm32cube.ide.mcu.externaltools.gnu-tools-for-stm32.11.3.rel1.win32_1.1.1.202309131626/tools/bin/../lib/gcc/arm-none-eabi/11.3.1/../../../../arm-none-eabi/lib/thumb/v7e-m+fp/hard\libc_nano.a(libc_a-reallocr.o)
 .ARM.attributes
                0x00000000000007df       0x34 C:/ST/STM32CubeIDE_1.13.2/STM32CubeIDE/plugins/com.st.stm32cube.ide.mcu.externaltools.gnu-tools-for-stm32.11.3.rel1.win32_1.1.1.202309131626/tools/bin/../lib/gcc/arm-none-eabi/11.3.1/../../../../arm-none-eabi/lib/thumb/v7e-m+fp/hard\libc_nano.a(libc_a-msizer.o)
 .ARM.attributes
                0x0000000000000813       0x1e C:/ST/STM32CubeIDE_1.13.2/STM32CubeIDE/plugins/com.st.stm32cube.ide.mcu.externaltools.gnu-tools-for-stm32.11.3.rel1.win32_1.1.1.202309131626/tools/bin/../lib/gcc/arm-none-eabi/11.3.1/thumb/v7e-m+fp/hard\libgcc.a(_aeabi_uldivmod.o)
 .ARM.attributes
                0x0000000000000831       0x34 C:/ST/STM32CubeIDE_1.13.2/STM32CubeIDE/plugins/com.st.stm32cube.ide.mcu.externaltools.gnu-tools-for-stm32.11.3.rel1.win32_1.1.1.202309131626/tools/bin/../lib/gcc/arm-none-eabi/11.3.1/thumb/v7e-m+fp/hard\libgcc.a(_udivmoddi4.o)
 .ARM.attributes
                0x0000000000000865       0x1e C:/ST/STM32CubeIDE_1.13.2/STM32CubeIDE/plugins/com.st.stm32cube.ide.mcu.externaltools.gnu-tools-for-stm32.11.3.rel1.win32_1.1.1.202309131626/tools/bin/../lib/gcc/arm-none-eabi/11.3.1/thumb/v7e-m+fp/hard\libgcc.a(_dvmd_tls.o)
 .ARM.attributes
                0x0000000000000883       0x1e C:/ST/STM32CubeIDE_1.13.2/STM32CubeIDE/plugins/com.st.stm32cube.ide.mcu.externaltools.gnu-tools-for-stm32.11.3.rel1.win32_1.1.1.202309131626/tools/bin/../lib/gcc/arm-none-eabi/11.3.1/thumb/v7e-m+fp/hard/crtn.o
OUTPUT(master.elf elf32-littlearm)
LOAD linker stubs
LOAD C:/ST/STM32CubeIDE_1.13.2/STM32CubeIDE/plugins/com.st.stm32cube.ide.mcu.externaltools.gnu-tools-for-stm32.11.3.rel1.win32_1.1.1.202309131626/tools/bin/../lib/gcc/arm-none-eabi/11.3.1/../../../../arm-none-eabi/lib/thumb/v7e-m+fp/hard\libc.a
LOAD C:/ST/STM32CubeIDE_1.13.2/STM32CubeIDE/plugins/com.st.stm32cube.ide.mcu.externaltools.gnu-tools-for-stm32.11.3.rel1.win32_1.1.1.202309131626/tools/bin/../lib/gcc/arm-none-eabi/11.3.1/../../../../arm-none-eabi/lib/thumb/v7e-m+fp/hard\libm.a
LOAD C:/ST/STM32CubeIDE_1.13.2/STM32CubeIDE/plugins/com.st.stm32cube.ide.mcu.externaltools.gnu-tools-for-stm32.11.3.rel1.win32_1.1.1.202309131626/tools/bin/../lib/gcc/arm-none-eabi/11.3.1/thumb/v7e-m+fp/hard\libgcc.a

.comment        0x0000000000000000       0x43
 .comment       0x0000000000000000       0x43 C:/ST/STM32CubeIDE_1.13.2/STM32CubeIDE/plugins/com.st.stm32cube.ide.mcu.externaltools.gnu-tools-for-stm32.11.3.rel1.win32_1.1.1.202309131626/tools/bin/../lib/gcc/arm-none-eabi/11.3.1/thumb/v7e-m+fp/hard/crtbegin.o
                                         0x44 (size before relaxing)
 .comment       0x0000000000000043       0x44 ./Core/Src/main.o
 .comment       0x0000000000000043       0x44 ./Core/Src/stm32l4xx_hal_msp.o
 .comment       0x0000000000000043       0x44 ./Core/Src/stm32l4xx_it.o
 .comment       0x0000000000000043       0x44 ./Core/Src/sysmem.o
 .comment       0x0000000000000043       0x44 ./Core/Src/system_stm32l4xx.o
 .comment       0x0000000000000043       0x44 ./Drivers/STM32L4xx_HAL_Driver/Src/stm32l4xx_hal.o
 .comment       0x0000000000000043       0x44 ./Drivers/STM32L4xx_HAL_Driver/Src/stm32l4xx_hal_cortex.o
 .comment       0x0000000000000043       0x44 ./Drivers/STM32L4xx_HAL_Driver/Src/stm32l4xx_hal_dma.o
 .comment       0x0000000000000043       0x44 ./Drivers/STM32L4xx_HAL_Driver/Src/stm32l4xx_hal_dsi.o
 .comment       0x0000000000000043       0x44 ./Drivers/STM32L4xx_HAL_Driver/Src/stm32l4xx_hal_gpio.o
 .comment       0x0000000000000043       0x44 ./Drivers/STM32L4xx_HAL_Driver/Src/stm32l4xx_hal_i2c.o
 .comment       0x0000000000000043       0x44 ./Drivers/STM32L4xx_HAL_Driver/Src/stm32l4xx_hal_i2c_ex.o
 .comment       0x0000000000000043       0x44 ./Drivers/STM32L4xx_HAL_Driver/Src/stm32l4xx_hal_ltdc.o
 .comment       0x0000000000000043       0x44 ./Drivers/STM32L4xx_HAL_Driver/Src/stm32l4xx_hal_pwr_ex.o
 .comment       0x0000000000000043       0x44 ./Drivers/STM32L4xx_HAL_Driver/Src/stm32l4xx_hal_rcc.o
 .comment       0x0000000000000043       0x44 ./Drivers/STM32L4xx_HAL_Driver/Src/stm32l4xx_hal_rcc_ex.o
 .comment       0x0000000000000043       0x44 ./Drivers/STM32L4xx_HAL_Driver/Src/stm32l4xx_hal_spi.o
 .comment       0x0000000000000043       0x44 ./Drivers/STM32L4xx_HAL_Driver/Src/stm32l4xx_hal_uart.o
 .comment       0x0000000000000043       0x44 ./Drivers/STM32L4xx_HAL_Driver/Src/stm32l4xx_hal_uart_ex.o

.debug_info     0x0000000000000000    0x17d8a
 .debug_info    0x0000000000000000     0x3285 ./Core/Src/main.o
 .debug_info    0x0000000000003285     0x2339 ./Core/Src/stm32l4xx_hal_msp.o
 .debug_info    0x00000000000055be      0x766 ./Core/Src/stm32l4xx_it.o
 .debug_info    0x0000000000005d24      0x168 ./Core/Src/sysmem.o
 .debug_info    0x0000000000005e8c      0x5e9 ./Core/Src/system_stm32l4xx.o
 .debug_info    0x0000000000006475       0x23 ./Core/Startup/startup_stm32l4s9zijx.o
 .debug_info    0x0000000000006498      0xcb6 ./Drivers/STM32L4xx_HAL_Driver/Src/stm32l4xx_hal.o
 .debug_info    0x000000000000714e      0xd82 ./Drivers/STM32L4xx_HAL_Driver/Src/stm32l4xx_hal_cortex.o
 .debug_info    0x0000000000007ed0      0x841 ./Drivers/STM32L4xx_HAL_Driver/Src/stm32l4xx_hal_dma.o
 .debug_info    0x0000000000008711     0x19a3 ./Drivers/STM32L4xx_HAL_Driver/Src/stm32l4xx_hal_dsi.o
 .debug_info    0x000000000000a0b4      0x787 ./Drivers/STM32L4xx_HAL_Driver/Src/stm32l4xx_hal_gpio.o
 .debug_info    0x000000000000a83b     0x21ab ./Drivers/STM32L4xx_HAL_Driver/Src/stm32l4xx_hal_i2c.o
 .debug_info    0x000000000000c9e6      0xb09 ./Drivers/STM32L4xx_HAL_Driver/Src/stm32l4xx_hal_i2c_ex.o
 .debug_info    0x000000000000d4ef     0x1023 ./Drivers/STM32L4xx_HAL_Driver/Src/stm32l4xx_hal_ltdc.o
 .debug_info    0x000000000000e512      0xa0a ./Drivers/STM32L4xx_HAL_Driver/Src/stm32l4xx_hal_pwr_ex.o
 .debug_info    0x000000000000ef1c      0xd32 ./Drivers/STM32L4xx_HAL_Driver/Src/stm32l4xx_hal_rcc.o
 .debug_info    0x000000000000fc4e     0x1181 ./Drivers/STM32L4xx_HAL_Driver/Src/stm32l4xx_hal_rcc_ex.o
 .debug_info    0x0000000000010dcf     0x172e ./Drivers/STM32L4xx_HAL_Driver/Src/stm32l4xx_hal_spi.o
 .debug_info    0x00000000000124fd     0x4875 ./Drivers/STM32L4xx_HAL_Driver/Src/stm32l4xx_hal_uart.o
 .debug_info    0x0000000000016d72     0x1018 ./Drivers/STM32L4xx_HAL_Driver/Src/stm32l4xx_hal_uart_ex.o

.debug_abbrev   0x0000000000000000     0x2bb7
 .debug_abbrev  0x0000000000000000      0x3dd ./Core/Src/main.o
 .debug_abbrev  0x00000000000003dd      0x2b1 ./Core/Src/stm32l4xx_hal_msp.o
 .debug_abbrev  0x000000000000068e      0x17d ./Core/Src/stm32l4xx_it.o
 .debug_abbrev  0x000000000000080b       0xbc ./Core/Src/sysmem.o
 .debug_abbrev  0x00000000000008c7      0x11a ./Core/Src/system_stm32l4xx.o
 .debug_abbrev  0x00000000000009e1       0x12 ./Core/Startup/startup_stm32l4s9zijx.o
 .debug_abbrev  0x00000000000009f3      0x262 ./Drivers/STM32L4xx_HAL_Driver/Src/stm32l4xx_hal.o
 .debug_abbrev  0x0000000000000c55      0x327 ./Drivers/STM32L4xx_HAL_Driver/Src/stm32l4xx_hal_cortex.o
 .debug_abbrev  0x0000000000000f7c      0x1e2 ./Drivers/STM32L4xx_HAL_Driver/Src/stm32l4xx_hal_dma.o
 .debug_abbrev  0x000000000000115e      0x25e ./Drivers/STM32L4xx_HAL_Driver/Src/stm32l4xx_hal_dsi.o
 .debug_abbrev  0x00000000000013bc      0x1cb ./Drivers/STM32L4xx_HAL_Driver/Src/stm32l4xx_hal_gpio.o
 .debug_abbrev  0x0000000000001587      0x25e ./Drivers/STM32L4xx_HAL_Driver/Src/stm32l4xx_hal_i2c.o
 .debug_abbrev  0x00000000000017e5      0x1c0 ./Drivers/STM32L4xx_HAL_Driver/Src/stm32l4xx_hal_i2c_ex.o
 .debug_abbrev  0x00000000000019a5      0x233 ./Drivers/STM32L4xx_HAL_Driver/Src/stm32l4xx_hal_ltdc.o
 .debug_abbrev  0x0000000000001bd8      0x1f9 ./Drivers/STM32L4xx_HAL_Driver/Src/stm32l4xx_hal_pwr_ex.o
 .debug_abbrev  0x0000000000001dd1      0x306 ./Drivers/STM32L4xx_HAL_Driver/Src/stm32l4xx_hal_rcc.o
 .debug_abbrev  0x00000000000020d7      0x2a3 ./Drivers/STM32L4xx_HAL_Driver/Src/stm32l4xx_hal_rcc_ex.o
 .debug_abbrev  0x000000000000237a      0x267 ./Drivers/STM32L4xx_HAL_Driver/Src/stm32l4xx_hal_spi.o
 .debug_abbrev  0x00000000000025e1      0x304 ./Drivers/STM32L4xx_HAL_Driver/Src/stm32l4xx_hal_uart.o
 .debug_abbrev  0x00000000000028e5      0x2d2 ./Drivers/STM32L4xx_HAL_Driver/Src/stm32l4xx_hal_uart_ex.o

.debug_aranges  0x0000000000000000     0x1340
 .debug_aranges
                0x0000000000000000      0x128 ./Core/Src/main.o
 .debug_aranges
                0x0000000000000128       0x70 ./Core/Src/stm32l4xx_hal_msp.o
 .debug_aranges
                0x0000000000000198       0x70 ./Core/Src/stm32l4xx_it.o
 .debug_aranges
                0x0000000000000208       0x20 ./Core/Src/sysmem.o
 .debug_aranges
                0x0000000000000228       0x28 ./Core/Src/system_stm32l4xx.o
 .debug_aranges
                0x0000000000000250       0x28 ./Core/Startup/startup_stm32l4s9zijx.o
 .debug_aranges
                0x0000000000000278      0x130 ./Drivers/STM32L4xx_HAL_Driver/Src/stm32l4xx_hal.o
 .debug_aranges
                0x00000000000003a8      0x118 ./Drivers/STM32L4xx_HAL_Driver/Src/stm32l4xx_hal_cortex.o
 .debug_aranges
                0x00000000000004c0       0x90 ./Drivers/STM32L4xx_HAL_Driver/Src/stm32l4xx_hal_dma.o
 .debug_aranges
                0x0000000000000550      0x178 ./Drivers/STM32L4xx_HAL_Driver/Src/stm32l4xx_hal_dsi.o
 .debug_aranges
                0x00000000000006c8       0x58 ./Drivers/STM32L4xx_HAL_Driver/Src/stm32l4xx_hal_gpio.o
 .debug_aranges
                0x0000000000000720      0x2a0 ./Drivers/STM32L4xx_HAL_Driver/Src/stm32l4xx_hal_i2c.o
 .debug_aranges
                0x00000000000009c0       0x48 ./Drivers/STM32L4xx_HAL_Driver/Src/stm32l4xx_hal_i2c_ex.o
 .debug_aranges
                0x0000000000000a08      0x158 ./Drivers/STM32L4xx_HAL_Driver/Src/stm32l4xx_hal_ltdc.o
 .debug_aranges
                0x0000000000000b60      0x170 ./Drivers/STM32L4xx_HAL_Driver/Src/stm32l4xx_hal_pwr_ex.o
 .debug_aranges
                0x0000000000000cd0       0x98 ./Drivers/STM32L4xx_HAL_Driver/Src/stm32l4xx_hal_rcc.o
 .debug_aranges
                0x0000000000000d68      0x110 ./Drivers/STM32L4xx_HAL_Driver/Src/stm32l4xx_hal_rcc_ex.o
 .debug_aranges
                0x0000000000000e78      0x1d8 ./Drivers/STM32L4xx_HAL_Driver/Src/stm32l4xx_hal_spi.o
 .debug_aranges
                0x0000000000001050      0x248 ./Drivers/STM32L4xx_HAL_Driver/Src/stm32l4xx_hal_uart.o
 .debug_aranges
                0x0000000000001298       0xa8 ./Drivers/STM32L4xx_HAL_Driver/Src/stm32l4xx_hal_uart_ex.o

.debug_rnglists
                0x0000000000000000      0xf20
 .debug_rnglists
                0x0000000000000000       0xfd ./Core/Src/main.o
 .debug_rnglists
                0x00000000000000fd       0x54 ./Core/Src/stm32l4xx_hal_msp.o
 .debug_rnglists
                0x0000000000000151       0x4f ./Core/Src/stm32l4xx_it.o
 .debug_rnglists
                0x00000000000001a0       0x13 ./Core/Src/sysmem.o
 .debug_rnglists
                0x00000000000001b3       0x1a ./Core/Src/system_stm32l4xx.o
 .debug_rnglists
                0x00000000000001cd       0x19 ./Core/Startup/startup_stm32l4s9zijx.o
 .debug_rnglists
                0x00000000000001e6       0xdf ./Drivers/STM32L4xx_HAL_Driver/Src/stm32l4xx_hal.o
 .debug_rnglists
                0x00000000000002c5       0xce ./Drivers/STM32L4xx_HAL_Driver/Src/stm32l4xx_hal_cortex.o
 .debug_rnglists
                0x0000000000000393       0x71 ./Drivers/STM32L4xx_HAL_Driver/Src/stm32l4xx_hal_dma.o
 .debug_rnglists
                0x0000000000000404      0x128 ./Drivers/STM32L4xx_HAL_Driver/Src/stm32l4xx_hal_dsi.o
 .debug_rnglists
                0x000000000000052c       0x3f ./Drivers/STM32L4xx_HAL_Driver/Src/stm32l4xx_hal_gpio.o
 .debug_rnglists
                0x000000000000056b      0x228 ./Drivers/STM32L4xx_HAL_Driver/Src/stm32l4xx_hal_i2c.o
 .debug_rnglists
                0x0000000000000793       0x35 ./Drivers/STM32L4xx_HAL_Driver/Src/stm32l4xx_hal_i2c_ex.o
 .debug_rnglists
                0x00000000000007c8      0x10a ./Drivers/STM32L4xx_HAL_Driver/Src/stm32l4xx_hal_ltdc.o
 .debug_rnglists
                0x00000000000008d2      0x115 ./Drivers/STM32L4xx_HAL_Driver/Src/stm32l4xx_hal_pwr_ex.o
 .debug_rnglists
                0x00000000000009e7       0x74 ./Drivers/STM32L4xx_HAL_Driver/Src/stm32l4xx_hal_rcc.o
 .debug_rnglists
                0x0000000000000a5b       0xd4 ./Drivers/STM32L4xx_HAL_Driver/Src/stm32l4xx_hal_rcc_ex.o
 .debug_rnglists
                0x0000000000000b2f      0x178 ./Drivers/STM32L4xx_HAL_Driver/Src/stm32l4xx_hal_spi.o
 .debug_rnglists
                0x0000000000000ca7      0x1fa ./Drivers/STM32L4xx_HAL_Driver/Src/stm32l4xx_hal_uart.o
 .debug_rnglists
                0x0000000000000ea1       0x7f ./Drivers/STM32L4xx_HAL_Driver/Src/stm32l4xx_hal_uart_ex.o

.debug_macro    0x0000000000000000    0x31645
 .debug_macro   0x0000000000000000      0x255 ./Core/Src/main.o
 .debug_macro   0x0000000000000255      0xaa8 ./Core/Src/main.o
 .debug_macro   0x0000000000000cfd      0x1b9 ./Core/Src/main.o
 .debug_macro   0x0000000000000eb6       0x2e ./Core/Src/main.o
 .debug_macro   0x0000000000000ee4       0x28 ./Core/Src/main.o
 .debug_macro   0x0000000000000f0c       0x22 ./Core/Src/main.o
 .debug_macro   0x0000000000000f2e       0x8e ./Core/Src/main.o
 .debug_macro   0x0000000000000fbc       0x51 ./Core/Src/main.o
 .debug_macro   0x000000000000100d      0x103 ./Core/Src/main.o
 .debug_macro   0x0000000000001110       0x6a ./Core/Src/main.o
 .debug_macro   0x000000000000117a      0x1df ./Core/Src/main.o
 .debug_macro   0x0000000000001359       0x1c ./Core/Src/main.o
 .debug_macro   0x0000000000001375       0x22 ./Core/Src/main.o
 .debug_macro   0x0000000000001397       0xfb ./Core/Src/main.o
 .debug_macro   0x0000000000001492     0x1011 ./Core/Src/main.o
 .debug_macro   0x00000000000024a3      0x11f ./Core/Src/main.o
 .debug_macro   0x00000000000025c2    0x235ca ./Core/Src/main.o
 .debug_macro   0x0000000000025b8c       0x6d ./Core/Src/main.o
 .debug_macro   0x0000000000025bf9     0x38ed ./Core/Src/main.o
 .debug_macro   0x00000000000294e6      0x174 ./Core/Src/main.o
 .debug_macro   0x000000000002965a       0x5c ./Core/Src/main.o
 .debug_macro   0x00000000000296b6     0x19e2 ./Core/Src/main.o
 .debug_macro   0x000000000002b098      0x83e ./Core/Src/main.o
 .debug_macro   0x000000000002b8d6      0x1b9 ./Core/Src/main.o
 .debug_macro   0x000000000002ba8f      0x225 ./Core/Src/main.o
 .debug_macro   0x000000000002bcb4      0x486 ./Core/Src/main.o
 .debug_macro   0x000000000002c13a      0x1ce ./Core/Src/main.o
 .debug_macro   0x000000000002c308       0x43 ./Core/Src/main.o
 .debug_macro   0x000000000002c34b      0x23d ./Core/Src/main.o
 .debug_macro   0x000000000002c588      0x6fc ./Core/Src/main.o
 .debug_macro   0x000000000002cc84      0x241 ./Core/Src/main.o
 .debug_macro   0x000000000002cec5      0x416 ./Core/Src/main.o
 .debug_macro   0x000000000002d2db       0x1c ./Core/Src/main.o
 .debug_macro   0x000000000002d2f7       0xf2 ./Core/Src/main.o
 .debug_macro   0x000000000002d3e9      0x22c ./Core/Src/main.o
 .debug_macro   0x000000000002d615       0x61 ./Core/Src/main.o
 .debug_macro   0x000000000002d676       0xa5 ./Core/Src/main.o
 .debug_macro   0x000000000002d71b      0x198 ./Core/Src/main.o
 .debug_macro   0x000000000002d8b3       0xd6 ./Core/Src/main.o
 .debug_macro   0x000000000002d989      0x122 ./Core/Src/main.o
 .debug_macro   0x000000000002daab      0x3f6 ./Core/Src/main.o
 .debug_macro   0x000000000002dea1      0x2fe ./Core/Src/main.o
 .debug_macro   0x000000000002e19f      0x693 ./Core/Src/main.o
 .debug_macro   0x000000000002e832       0xa6 ./Core/Src/main.o
 .debug_macro   0x000000000002e8d8      0x432 ./Core/Src/main.o
 .debug_macro   0x000000000002ed0a       0x70 ./Core/Src/main.o
 .debug_macro   0x000000000002ed7a      0x21f ./Core/Src/stm32l4xx_hal_msp.o
 .debug_macro   0x000000000002ef99      0x229 ./Core/Src/stm32l4xx_it.o
 .debug_macro   0x000000000002f1c2       0xff ./Core/Src/sysmem.o
 .debug_macro   0x000000000002f2c1      0x23c ./Core/Src/sysmem.o
 .debug_macro   0x000000000002f4fd      0x210 ./Core/Src/system_stm32l4xx.o
 .debug_macro   0x000000000002f70d      0x25e ./Drivers/STM32L4xx_HAL_Driver/Src/stm32l4xx_hal.o
 .debug_macro   0x000000000002f96b      0x210 ./Drivers/STM32L4xx_HAL_Driver/Src/stm32l4xx_hal_cortex.o
 .debug_macro   0x000000000002fb7b      0x210 ./Drivers/STM32L4xx_HAL_Driver/Src/stm32l4xx_hal_dma.o
 .debug_macro   0x000000000002fd8b      0x25e ./Drivers/STM32L4xx_HAL_Driver/Src/stm32l4xx_hal_dsi.o
 .debug_macro   0x000000000002ffe9      0x217 ./Drivers/STM32L4xx_HAL_Driver/Src/stm32l4xx_hal_gpio.o
 .debug_macro   0x0000000000030200      0x2dc ./Drivers/STM32L4xx_HAL_Driver/Src/stm32l4xx_hal_i2c.o
 .debug_macro   0x00000000000304dc      0x210 ./Drivers/STM32L4xx_HAL_Driver/Src/stm32l4xx_hal_i2c_ex.o
 .debug_macro   0x00000000000306ec      0x218 ./Drivers/STM32L4xx_HAL_Driver/Src/stm32l4xx_hal_ltdc.o
 .debug_macro   0x0000000000030904      0x23a ./Drivers/STM32L4xx_HAL_Driver/Src/stm32l4xx_hal_pwr_ex.o
 .debug_macro   0x0000000000030b3e      0x252 ./Drivers/STM32L4xx_HAL_Driver/Src/stm32l4xx_hal_rcc.o
 .debug_macro   0x0000000000030d90      0x246 ./Drivers/STM32L4xx_HAL_Driver/Src/stm32l4xx_hal_rcc_ex.o
 .debug_macro   0x0000000000030fd6      0x218 ./Drivers/STM32L4xx_HAL_Driver/Src/stm32l4xx_hal_spi.o
 .debug_macro   0x00000000000311ee      0x23b ./Drivers/STM32L4xx_HAL_Driver/Src/stm32l4xx_hal_uart.o
 .debug_macro   0x0000000000031429      0x21c ./Drivers/STM32L4xx_HAL_Driver/Src/stm32l4xx_hal_uart_ex.o

.debug_line     0x0000000000000000    0x19d2f
 .debug_line    0x0000000000000000     0x1a3e ./Core/Src/main.o
 .debug_line    0x0000000000001a3e      0xa86 ./Core/Src/stm32l4xx_hal_msp.o
 .debug_line    0x00000000000024c4      0x8cf ./Core/Src/stm32l4xx_it.o
 .debug_line    0x0000000000002d93      0x579 ./Core/Src/sysmem.o
 .debug_line    0x000000000000330c      0x874 ./Core/Src/system_stm32l4xx.o
 .debug_line    0x0000000000003b80       0x7a ./Core/Startup/startup_stm32l4s9zijx.o
 .debug_line    0x0000000000003bfa      0xbcd ./Drivers/STM32L4xx_HAL_Driver/Src/stm32l4xx_hal.o
 .debug_line    0x00000000000047c7      0xd73 ./Drivers/STM32L4xx_HAL_Driver/Src/stm32l4xx_hal_cortex.o
 .debug_line    0x000000000000553a      0xf3a ./Drivers/STM32L4xx_HAL_Driver/Src/stm32l4xx_hal_dma.o
 .debug_line    0x0000000000006474     0x2c5b ./Drivers/STM32L4xx_HAL_Driver/Src/stm32l4xx_hal_dsi.o
 .debug_line    0x00000000000090cf      0xc28 ./Drivers/STM32L4xx_HAL_Driver/Src/stm32l4xx_hal_gpio.o
 .debug_line    0x0000000000009cf7     0x39ab ./Drivers/STM32L4xx_HAL_Driver/Src/stm32l4xx_hal_i2c.o
 .debug_line    0x000000000000d6a2      0x9fa ./Drivers/STM32L4xx_HAL_Driver/Src/stm32l4xx_hal_i2c_ex.o
 .debug_line    0x000000000000e09c     0x17f7 ./Drivers/STM32L4xx_HAL_Driver/Src/stm32l4xx_hal_ltdc.o
 .debug_line    0x000000000000f893      0xe39 ./Drivers/STM32L4xx_HAL_Driver/Src/stm32l4xx_hal_pwr_ex.o
 .debug_line    0x00000000000106cc     0x111d ./Drivers/STM32L4xx_HAL_Driver/Src/stm32l4xx_hal_rcc.o
 .debug_line    0x00000000000117e9     0x1a9e ./Drivers/STM32L4xx_HAL_Driver/Src/stm32l4xx_hal_rcc_ex.o
 .debug_line    0x0000000000013287     0x2039 ./Drivers/STM32L4xx_HAL_Driver/Src/stm32l4xx_hal_spi.o
 .debug_line    0x00000000000152c0     0x3c47 ./Drivers/STM32L4xx_HAL_Driver/Src/stm32l4xx_hal_uart.o
 .debug_line    0x0000000000018f07      0xe28 ./Drivers/STM32L4xx_HAL_Driver/Src/stm32l4xx_hal_uart_ex.o

.debug_str      0x0000000000000000   0x129927
 .debug_str     0x0000000000000000   0x122abb ./Core/Src/main.o
                                     0x122fee (size before relaxing)
 .debug_str     0x0000000000122abb      0x3d6 ./Core/Src/stm32l4xx_hal_msp.o
                                     0x122708 (size before relaxing)
 .debug_str     0x0000000000122e91      0x11a ./Core/Src/stm32l4xx_it.o
                                     0x121312 (size before relaxing)
 .debug_str     0x0000000000122fab     0x2044 ./Core/Src/sysmem.o
                                       0x605c (size before relaxing)
 .debug_str     0x0000000000124fef       0xf2 ./Core/Src/system_stm32l4xx.o
                                     0x120dab (size before relaxing)
 .debug_str     0x00000000001250e1       0x34 ./Core/Startup/startup_stm32l4s9zijx.o
                                         0x6e (size before relaxing)
 .debug_str     0x0000000000125115      0x6a3 ./Drivers/STM32L4xx_HAL_Driver/Src/stm32l4xx_hal.o
                                     0x121a21 (size before relaxing)
 .debug_str     0x00000000001257b8      0x31d ./Drivers/STM32L4xx_HAL_Driver/Src/stm32l4xx_hal_cortex.o
                                     0x121644 (size before relaxing)
 .debug_str     0x0000000000125ad5      0x2a6 ./Drivers/STM32L4xx_HAL_Driver/Src/stm32l4xx_hal_dma.o
                                     0x121133 (size before relaxing)
 .debug_str     0x0000000000125d7b      0x868 ./Drivers/STM32L4xx_HAL_Driver/Src/stm32l4xx_hal_dsi.o
                                     0x121d2b (size before relaxing)
 .debug_str     0x00000000001265e3       0xd9 ./Drivers/STM32L4xx_HAL_Driver/Src/stm32l4xx_hal_gpio.o
                                     0x120f25 (size before relaxing)
 .debug_str     0x00000000001266bc      0xd94 ./Drivers/STM32L4xx_HAL_Driver/Src/stm32l4xx_hal_i2c.o
                                     0x122096 (size before relaxing)
 .debug_str     0x0000000000127450       0xb8 ./Drivers/STM32L4xx_HAL_Driver/Src/stm32l4xx_hal_i2c_ex.o
                                     0x1213e3 (size before relaxing)
 .debug_str     0x0000000000127508      0x491 ./Drivers/STM32L4xx_HAL_Driver/Src/stm32l4xx_hal_ltdc.o
                                     0x12139f (size before relaxing)
 .debug_str     0x0000000000127999      0x57a ./Drivers/STM32L4xx_HAL_Driver/Src/stm32l4xx_hal_pwr_ex.o
                                     0x12137e (size before relaxing)
 .debug_str     0x0000000000127f13      0x360 ./Drivers/STM32L4xx_HAL_Driver/Src/stm32l4xx_hal_rcc.o
                                     0x12141e (size before relaxing)
 .debug_str     0x0000000000128273      0x5b3 ./Drivers/STM32L4xx_HAL_Driver/Src/stm32l4xx_hal_rcc_ex.o
                                     0x121804 (size before relaxing)
 .debug_str     0x0000000000128826      0x508 ./Drivers/STM32L4xx_HAL_Driver/Src/stm32l4xx_hal_spi.o
                                     0x1216a8 (size before relaxing)
 .debug_str     0x0000000000128d2e      0x98e ./Drivers/STM32L4xx_HAL_Driver/Src/stm32l4xx_hal_uart.o
                                     0x121d4f (size before relaxing)
 .debug_str     0x00000000001296bc      0x26b ./Drivers/STM32L4xx_HAL_Driver/Src/stm32l4xx_hal_uart_ex.o
                                     0x12155f (size before relaxing)

.debug_frame    0x0000000000000000     0x572c
 .debug_frame   0x0000000000000000      0x4b0 ./Core/Src/main.o
 .debug_frame   0x00000000000004b0      0x1b4 ./Core/Src/stm32l4xx_hal_msp.o
 .debug_frame   0x0000000000000664      0x13c ./Core/Src/stm32l4xx_it.o
 .debug_frame   0x00000000000007a0       0x34 ./Core/Src/sysmem.o
 .debug_frame   0x00000000000007d4       0x58 ./Core/Src/system_stm32l4xx.o
 .debug_frame   0x000000000000082c      0x498 ./Drivers/STM32L4xx_HAL_Driver/Src/stm32l4xx_hal.o
 .debug_frame   0x0000000000000cc4      0x498 ./Drivers/STM32L4xx_HAL_Driver/Src/stm32l4xx_hal_cortex.o
 .debug_frame   0x000000000000115c      0x24c ./Drivers/STM32L4xx_HAL_Driver/Src/stm32l4xx_hal_dma.o
 .debug_frame   0x00000000000013a8      0x6dc ./Drivers/STM32L4xx_HAL_Driver/Src/stm32l4xx_hal_dsi.o
 .debug_frame   0x0000000000001a84      0x14c ./Drivers/STM32L4xx_HAL_Driver/Src/stm32l4xx_hal_gpio.o
 .debug_frame   0x0000000000001bd0      0xc38 ./Drivers/STM32L4xx_HAL_Driver/Src/stm32l4xx_hal_i2c.o
 .debug_frame   0x0000000000002808      0x100 ./Drivers/STM32L4xx_HAL_Driver/Src/stm32l4xx_hal_i2c_ex.o
 .debug_frame   0x0000000000002908      0x61c ./Drivers/STM32L4xx_HAL_Driver/Src/stm32l4xx_hal_ltdc.o
 .debug_frame   0x0000000000002f24      0x5c4 ./Drivers/STM32L4xx_HAL_Driver/Src/stm32l4xx_hal_pwr_ex.o
 .debug_frame   0x00000000000034e8      0x248 ./Drivers/STM32L4xx_HAL_Driver/Src/stm32l4xx_hal_rcc.o
 .debug_frame   0x0000000000003730      0x464 ./Drivers/STM32L4xx_HAL_Driver/Src/stm32l4xx_hal_rcc_ex.o
 .debug_frame   0x0000000000003b94      0x860 ./Drivers/STM32L4xx_HAL_Driver/Src/stm32l4xx_hal_spi.o
 .debug_frame   0x00000000000043f4      0xa94 ./Drivers/STM32L4xx_HAL_Driver/Src/stm32l4xx_hal_uart.o
 .debug_frame   0x0000000000004e88      0x2c0 ./Drivers/STM32L4xx_HAL_Driver/Src/stm32l4xx_hal_uart_ex.o
 .debug_frame   0x0000000000005148      0x144 C:/ST/STM32CubeIDE_1.13.2/STM32CubeIDE/plugins/com.st.stm32cube.ide.mcu.externaltools.gnu-tools-for-stm32.11.3.rel1.win32_1.1.1.202309131626/tools/bin/../lib/gcc/arm-none-eabi/11.3.1/../../../../arm-none-eabi/lib/thumb/v7e-m+fp/hard\libc_nano.a(libc_a-findfp.o)