../Core/Src/main.c:125:5:main	32	static
../Core/Src/main.c:258:6:SystemClock_Config	96	static
../Core/Src/main.c:307:13:MX_DSIHOST_DSI_Init	192	static
../Core/Src/main.c:410:13:MX_I2C1_Init	8	static
../Core/Src/main.c:458:13:MX_I2C2_Init	8	static
../Core/Src/main.c:506:13:MX_LTDC_Init	64	static
../Core/Src/main.c:568:13:MX_OCTOSPI2_Init	32	static
../Core/Src/main.c:616:13:MX_SPI1_Init	8	static
../Core/Src/main.c:656:13:MX_SPI2_Init	8	static
../Core/Src/main.c:695:13:MX_SPI3_Init	8	static
../Core/Src/main.c:734:13:MX_UART4_Init	8	static
../Core/Src/main.c:782:13:MX_GPIO_Init	64	static
../Core/Src/main.c:904:6:mipi_config	200	static
../Core/Src/main.c:973:6:SPI_master2slave	32	static
../Core/Src/main.c:985:6:Write_Registers_data	24	static
../Core/Src/main.c:1050:13:I2C_Control_Voltage	32	static
../Core/Src/main.c:1103:13:LCD_PowerOn	8	static
../Core/Src/main.c:1117:6:delay_us	24	static
../Core/Src/main.c:1128:6:delay_100ns	24	static
../Core/Src/main.c:1140:6:HAL_GPIO_EXTI_Callback	24	static
../Core/Src/main.c:1176:6:HAL_SPI_RxCpltCallback	24	static
../Core/Src/main.c:1402:6:FLASH_WriteByte	24	static
../Core/Src/main.c:1413:9:FLASH_ReadByte	16	static
../Core/Src/main.c:1427:6:write_flash_page	40	static
../Core/Src/main.c:1460:6:read_flash_page	48	static
../Core/Src/main.c:1481:6:erase_flash_sector	24	static
../Core/Src/main.c:1522:6:reset_flash_software	8	static
../Core/Src/main.c:1542:6:Error_Handler	4	static,ignoring_inline_asm
