../Core/Src/main.c:125:5:main	24	static
../Core/Src/main.c:244:6:SystemClock_Config	96	static
../Core/Src/main.c:293:13:MX_DSIHOST_DSI_Init	192	static
../Core/Src/main.c:396:13:MX_I2C1_Init	8	static
../Core/Src/main.c:444:13:MX_I2C2_Init	8	static
../Core/Src/main.c:492:13:MX_LTDC_Init	64	static
../Core/Src/main.c:554:13:MX_OCTOSPI2_Init	32	static
../Core/Src/main.c:602:13:MX_SPI1_Init	8	static
../Core/Src/main.c:642:13:MX_SPI2_Init	8	static
../Core/Src/main.c:681:13:MX_SPI3_Init	8	static
../Core/Src/main.c:720:13:MX_UART4_Init	8	static
../Core/Src/main.c:768:13:MX_GPIO_Init	64	static
../Core/Src/main.c:897:6:mipi_config	200	static
../Core/Src/main.c:966:6:SPI2BLE	104	static
../Core/Src/main.c:1004:6:SPI_master2slave	24	static
../Core/Src/main.c:1015:6:Write_Registers_data	24	static
../Core/Src/main.c:1082:13:I2C_Control_Voltage	32	static
../Core/Src/main.c:1135:13:LCD_PowerOn	8	static
../Core/Src/main.c:1149:6:delay_us	24	static
../Core/Src/main.c:1160:6:delay_100ns	24	static
../Core/Src/main.c:1172:6:HAL_GPIO_EXTI_Callback	24	static
../Core/Src/main.c:1208:6:HAL_SPI_RxCpltCallback	16	static
../Core/Src/main.c:1393:6:FLASH_WriteByte	24	static
../Core/Src/main.c:1404:9:FLASH_ReadByte	16	static
../Core/Src/main.c:1418:6:write_flash_page	40	static
../Core/Src/main.c:1451:6:read_flash_page	48	static
../Core/Src/main.c:1472:6:erase_flash_sector	24	static
../Core/Src/main.c:1513:6:reset_flash_software	8	static
../Core/Src/main.c:1533:6:Error_Handler	4	static,ignoring_inline_asm
